
Memory Configuration

Name             Origin             Length             Attributes
*default*        0x00000000         0xffffffff

Linker script and memory map

                0x8042a2b8                instance__7StageC4 = 0x8042a2b8
                0x8023b4a0                GetResNodeNumEntries__Q34nw4r3g3d6ResMdlCFv = 0x8023b4a0
                0x801d5680                MEMAllocFromAllocator = 0x801d5680
                0x8034e9d0                __vt__Q34nw4r3g3d9AnmObjChr = 0x8034e9d0
                0x8034e8c8                __vt__Q34nw4r3g3d12AnmObjChrRes = 0x8034e8c8
                0x802417d0                GetAnmResult__Q34nw4r3g3d9ResAnmChrCFPQ34nw4r3g3d12ChrAnmResultUlf = 0x802417d0
                0x800d5ec0                StartAnimOrig = 0x800d5ec0
                0x8014ba60                YoshiStateOrig = 0x8014ba60
                0x80234bc0                Exception_Printf___Q24nw4r2dbFPCce = 0x80234bc0
                0x80839b04                ContinueFromFuckLineLiftActivation = 0x80839b04
                0x80998cf0                GabonRock_DropOutState = 0x80998cf0
                0x80998cb0                GabonRock_CrushState = 0x80998cb0
                0x8001ded0                forceHCGROPushBack = 0x8001ded0
                0x8001dec8                continueFromHCGRO = 0x8001dec8
                0x80427c2e                DanceValues_AnimSpeed = 0x80427c2e
                0x8042a049                DanceValues_DummyBlockAndGrass = 0x8042a049
                0x8042a04a                DanceValues_Bahps = 0x8042a04a
                0x8042a04b                DanceValues_CreditsControl = 0x8042a04b
                0x8042a4ff                CreditsModeActive = 0x8042a4ff
                0x800d91b0                GetRail = 0x800d91b0
                0x8042a2e8                instance__7Stage80 = 0x8042a2e8
                0x80060254                continueAddToCoinCount = 0x80060254
                0x800b3544                continueAddToScore = 0x800b3544
                0x800b51d0                StaffCreditsAddCoin = 0x800b51d0
                0x802bc6b4                ContinueFromEFBMagic2 = 0x802bc6b4
                0x80ab6da0                TogeTekkyuIceballCollision = 0x80ab6da0
                0x8042a788                _8042A788 = 0x8042a788
                0x8019c390                sub_8019C390 = 0x8019c390
                0x80b8c350                StateID_Wait__24daEnBossKoopaDemoPeach_c = 0x80b8c350
                0x80b8c390                StateID_Call__24daEnBossKoopaDemoPeach_c = 0x80b8c390
                0x80b8c3d0                StateID_Turn__24daEnBossKoopaDemoPeach_c = 0x80b8c3d0
                0x80b8c410                StateID_Open__24daEnBossKoopaDemoPeach_c = 0x80b8c410
                0x80b8c450                StateID_Rescue__24daEnBossKoopaDemoPeach_c = 0x80b8c450
                0x80b8c490                StateID_Thank__24daEnBossKoopaDemoPeach_c = 0x80b8c490
                0x80301804                __vt__12daBossDemo_c = 0x80301804
                0x8001ccb0                onExecute__12daBossDemo_cFv = 0x8001ccb0
                0x8001ccf0                onDraw__12daBossDemo_cFv = 0x8001ccf0
                0x8001cd00                willBeDeleted__12daBossDemo_cFv = 0x8001cd00
                0x8001cd10                onDelete__12daBossDemo_cFv = 0x8001cd10
                0x8001d190                endState_BattleEdDemo__12daBossDemo_cFv = 0x8001d190
                0x8001d1a0                executeState_BattleEdDemo__12daBossDemo_cFv = 0x8001d1a0
                0x8001d180                beginState_BattleEdDemo__12daBossDemo_cFv = 0x8001d180
                0x8001d100                endState_BattleIn__12daBossDemo_cFv = 0x8001d100
                0x8001d110                executeState_BattleIn__12daBossDemo_cFv = 0x8001d110
                0x8001d090                beginState_BattleIn__12daBossDemo_cFv = 0x8001d090
                0x8001d070                endState_BattleStDemo__12daBossDemo_cFv = 0x8001d070
                0x8001d080                executeState_BattleStDemo__12daBossDemo_cFv = 0x8001d080
                0x8001d060                beginState_BattleStDemo__12daBossDemo_cFv = 0x8001d060
                0x8001cf60                endState_Ready__12daBossDemo_cFv = 0x8001cf60
                0x8001cf70                executeState_Ready__12daBossDemo_cFv = 0x8001cf70
                0x8001cf50                beginState_Ready__12daBossDemo_cFv = 0x8001cf50
                0x8001ce00                beatLevel__12daBossDemo_cFv = 0x8001ce00
                0x8001ce40                exitLevel__12daBossDemo_cFv = 0x8001ce40
                0x8042a068                instance__19BalloonRelatedClass = 0x8042a068
                0x802f1650                PlayerAnimStates = 0x802f1650
                0x8011a830                ContinueFromFixFireballSensorSetup = 0x8011a830
                0x800b37e0                GetPosForLayoutEffect__FP7Point3db = 0x800b37e0
                0x80a123ac                ContinueFromJustOneBomb = 0x80a123ac
                0x8015f630                SmoothRotation__FPsss = 0x8015f630
                0x8081f420                KazanRock_OriginalCollisionCallback = 0x8081f420
                0x8081f190                KazanRock_Explode = 0x8081f190
                0x8005fb90                GetPlayerOrYoshi__Fi = 0x8005fb90
                0x8005fb90                findByID__10daPlBase_cFi = 0x8005fb90
                0x8005f900                findByID__7dAcPy_cFi = 0x8005f900
                0x80051f30                justFaceSpecificDirection__10daPlBase_cFi = 0x80051f30
                0x80052080                moveInDirection__10daPlBase_cFPfPf = 0x80052080
                0x80139a90                getYoshi__7dAcPy_cFv = 0x80139a90
                0x80052170                setAnimePlayWithAnimID__10daPlBase_cFi = 0x80052170
                0x80052290                setAnimePlayStandardType__10daPlBase_cFi = 0x80052290
                0x8005e3b0                setFlag__14dPlayerInput_cFQ214dPlayerInput_c5Flags = 0x8005e3b0
                0x8005e910                setPermanentForcedButtons__14dPlayerInput_cFUi = 0x8005e910
                0x8005e960                setTransientForcedButtons__14dPlayerInput_cFUi = 0x8005e960
                0x8005e930                unsetPermanentForcedButtons__14dPlayerInput_cFUi = 0x8005e930
                0x80056c70                setFlag__10daPlBase_cFi = 0x80056c70
                0x80056cb0                clearFlag__10daPlBase_cFi = 0x80056cb0
                0x80056cf0                testFlag__10daPlBase_cFi = 0x80056cf0
                0x80052030                isReadyForDemoControlAction__10daPlBase_cFv = 0x80052030
                0x8042a3e0                instance__15dWaterManager_c = 0x8042a3e0
                0x800eba40                queryPosition__15dWaterManager_cFP7Point2dP7Point2dPfPsi = 0x800eba40
                0x800a0c70                OriginalPowBlockActivated = 0x800a0c70
                0x80002eee                isReplayEnabled = 0x80002eee
                0x800b44d0                UpdateSelectCursor = 0x800b44d0
                0x8010c890                HideSelectCursor = 0x8010c890
                0x8042a5a8                SelectCursorPointer = 0x8042a5a8
                0x807afb90                getIconPictureIDforPlayer__12dStockItem_cFi = 0x807afb90
                0x800b32e0                CrapUpPositions__FP7Point3dPC7Point3d = 0x800b32e0
                0x800fca24                ContinueFromCalcPowerupResult = 0x800fca24
                0x800fc9ec                ContinueFromFixCalcPowerupResultForMushroom = 0x800fc9ec
                0x807af9a8                ContinueFromSILayoutExtraStuffs = 0x807af9a8
                0x807b0b3c                ContinueFromResetHammerAnimOnOpen = 0x807b0b3c
                0x807af840                ContinueFromHideItemsByDefault = 0x807af840
                0x807b0844                MakeSFISound = 0x807b0844
                0x807b08a0                ContinueFromSIAddSound = 0x807b08a0
                0x807b0d04                ChosenStartChoice = 0x807b0d04
                0x807b2260                ContinueFromSISLayoutExtraStuffs = 0x807b2260
                0x807b2528                ContinueFromUpdateSIS = 0x807b2528
                0x8042a5f0                EnemyBounceValue = 0x8042a5f0
                0x80162e40                search__7fBase_cFUi = 0x80162e40
                0x80162e90                search__7fBase_cF6ActorsP7fBase_c = 0x80162e90
                0x80162ef0                searchByBaseType__7fBase_cFiP7fBase_c = 0x80162ef0
                0x800bb330                AddStockPowerup = 0x800bb330
                0x808aafd0                continueFromStrongBox2 = 0x808aafd0
                0x808aa4d8                continueFromStrongBox = 0x808aa4d8
                0x8042a788                _8042A788 = 0x8042a788
                0x8019c390                playFanfare__FPvi = 0x8019c390
                0x8019cb30                somethingAboutSound__FPv = 0x8019cb30
                0x80262fd0                AxVoice_SetADPCM = 0x80262fd0
                0x80281a90                Voice_SetADPCMLoop = 0x80281a90
                0x8027a340                DetachSound__Q34nw4r3snd11SoundHandleFv = 0x8027a340
                0x80266580                Pause__Q44nw4r3snd6detail10BasicSoundFbi = 0x80266580
                0x80266390                Stop__Q44nw4r3snd6detail10BasicSoundFi = 0x80266390
                0x802675f0                SetPitch__Q44nw4r3snd6detail10BasicSoundFf = 0x802675f0
                0x80267560                SetVolume__Q44nw4r3snd6detail10BasicSoundFfi = 0x80267560
                0x8027f9d0                StrmSound_SetTrackVolume = 0x8027f9d0
                0x8042a490                DontShowPreGame = 0x8042a490
                0x80374060                RESTART_CRSIN_LevelStartStruct = 0x80374060
                0x800ca664                DrawTheFuckingHat = 0x800ca664
                0x800ca698                DontDrawTheFuckingHat = 0x800ca698
                0x8004e050                continueFromMpPauseFix1 = 0x8004e050
                0x801415a0                continueFromMpPauseFix2 = 0x801415a0
                0x801412a4                continueFromMpPauseFix3 = 0x801412a4
                0x800fcad0                CheckIfSinglePlayer = 0x800fcad0
                0x800e598c                TextWriterCrapContinue = 0x800e598c
                0x80926b10                StockWMInit_LoadEffects__FPv = 0x80926b10
                0x80093520                CleanUpEffectThings__Fv = 0x80093520
                0x800934d0                FreeEffects__Fi = 0x800934d0
                0x80093170                FreeBreff__Fi = 0x80093170
                0x800931b0                FreeBreft__Fi = 0x800931b0
                0x80092e30                __dt__18BGGMEffectRendererFv = 0x80092e30
                0x80311908                __vt__18BGGMEffectRenderer = 0x80311908
                0x802dcc90                __construct_array = 0x802dcc90
                0x800cdd50                GetBMG__Fv = 0x800cdd50
                0x802d7b50                findStringForMessageID__Q23EGG6MsgResCFii = 0x802d7b50
                0x800c9b50                WriteBMGToTextBox__FPQ34nw4r3lyt7TextBoxPQ27dScript5Res_ciiie = 0x800c9b50
                0x801644f0                m2d__Anm_c__Load = 0x801644f0
                0x80163fa0                m2d__AnmResHandler_c__Load = 0x80163fa0
                0x80144820                RealAcPyDtor = 0x80144820
                0x808c5500                RealWm2dPlayerDtor = 0x808c5500
                0x800b3be0                InsertIntIntoTextBox1 = 0x800b3be0
                0x800b3b60                WriteNumberToTextBox__FPiPCiPQ34nw4r3lyt7TextBoxb = 0x800b3b60
                0x800b3be0                WriteNumberToTextBox__FPiPQ34nw4r3lyt7TextBoxb = 0x800b3be0
                0x80810480                __ct__20daJrClownForPlayer_cFv = 0x80810480
                0x80810540                __dt__20daJrClownForPlayer_cFv = 0x80810540
                0x800a3600                PClownCarExecute = 0x800a3600
                0x800951d0                PClownCarAfterCreate = 0x800951d0
                0x80810b90                PClownCarDraw = 0x80810b90
                0x80811e70                PClownCarMove = 0x80811e70
                0x80812104                ContinueFromClownCarDetectAdjacent = 0x80812104
                0x8042e5b0                sAllocatorFunc__FrmHeap = 0x8042e5b0
                0x8005ffb0                GetActivePlayerCount = 0x8005ffb0
                0x8005ffb0                GetCountofActivePlayers = 0x8005ffb0
                0x8005fef0                GetActiveLivingPlayerCount = 0x8005fef0
                0x80082240                getEffectiveScreenLeft__19ClassWithCameraInfoFv = 0x80082240
                0x8042a0e0                instance__19ClassWithCameraInfo = 0x8042a0e0
                0x8005b5d0                BowserExitDemoState = 0x8005b5d0
                0x807cce10                MagicEnd = 0x807cce10
                0x80804680                KeyLoopSet = 0x80804680
                0x809b28c0                BigHanaPlayer = 0x809b28c0
                0x809b2ad0                BigHanaYoshi = 0x809b2ad0
                0x809b2d80                BigHanaWeirdGP = 0x809b2d80
                0x809b2cf0                BigHanaGroundPound = 0x809b2cf0
                0x809b3a50                BigHanaFireball = 0x809b3a50
                0x809b3a20                BigHanaIceball = 0x809b3a20
                0x80146230                dAcPy_vf3F4 = 0x80146230
                0x80146310                dAcPy_vf3F8 = 0x80146310
                0x80146a10                dAcPy_vf3FC = 0x80146a10
                0x80047390                dAcPy_vf294 = 0x80047390
                0x809ddb80                Cloud_death_execute = 0x809ddb80
                0x809dfd40                Cloud_execute = 0x809dfd40
                0x8042a648                GlobalTickCount = 0x8042a648
                0x8005f900                GetSpecificPlayerActor = 0x8005f900
                0x80162e40                Actor_SearchByID = 0x80162e40
                0x80429fda                TimeStopFlag = 0x80429fda
                0x800e3ab8                TimerBranch = 0x800e3ab8
                0x8042bb44                MarioDescentRate = 0x8042bb44
                0x802f591c                MarioJumpArc = 0x802f591c
                0x8042bb28                MarioJumpMax = 0x8042bb28
                0x802f5964                MiniMarioJumpArc = 0x802f5964
                0x8042bb54                MarioSize = 0x8042bb54
                0x80064540                AlwaysDrawFlag = 0x80064540
                0x80064544                AlwaysDrawBranch = 0x80064544
                0x800b2ee0                GenerateRandomNumber = 0x800b2ee0
                0x800ce9b0                OneofManySoundPlayers = 0x800ce9b0
                0x80b12a88                BombSleepState = 0x80b12a88
                0x800a0b08                NoFreezie = 0x800a0b08
                0x8042a350                GameTimer = 0x8042a350
                0x80d25bf8                GameTimerB = 0x80d25bf8
                0x8042ba68                EightyPointZero = 0x8042ba68
                0x8042cd40                OneHundredPointZero = 0x8042cd40
                0x800e1f50                DoSceneChange__FUsUiUi = 0x800e1f50
                0x80237ce0                FrSqrt__Q24nw4r4mathFf = 0x80237ce0
                0x80237d10                SinFIdx__Q24nw4r4mathFf = 0x80237d10
                0x80237d80                CosFIdx__Q24nw4r4mathFf = 0x80237d80
                0x80237de0                SinCosFIdx__Q24nw4r4mathFPfPff = 0x80237de0
                0x8042a72c                archiveHeap__5mHeap = 0x8042a72c
                0x8042a730                commandHeap__5mHeap = 0x8042a730
                0x8042a734                dylinkHeap__5mHeap = 0x8042a734
                0x8042a738                assertHeap__5mHeap = 0x8042a738
                0x80377f48                gameHeaps__5mHeap = 0x80377f48
                0x800db270                init__18StandOnTopColliderFP13dStageActor_cfffffsUcP7Point2d = 0x800db270
                0x800db220                __ct__18StandOnTopColliderFv = 0x800db220
                0x80044400                __dt__18StandOnTopColliderFv = 0x80044400
                0x800daef0                __dt__13BasicColliderFv = 0x800daef0
                0x8042a2fc                globalListHead__13BasicCollider = 0x8042a2fc
                0x800daf70                addToList__13BasicColliderFv = 0x800daf70
                0x800db540                __ct__21RideableActorColliderFv = 0x800db540
                0x800db590                init__21RideableActorColliderFP13dStageActor_cP7Point2dP7Point2d = 0x800db590
                0x800db620                init__21RideableActorColliderFP13dStageActor_cffff = 0x800db620
                0x800db680                setPosition__21RideableActorColliderFP7Point2dP7Point2d = 0x800db680
                0x800db6e0                setPosition__21RideableActorColliderFffff = 0x800db6e0
                0x800bc700                drawWithMatrix__21SomethingAboutShroomsFfP4mMtx = 0x800bc700
                0x8087f8d0                original_onCreate__13daObjKinoko_cFv = 0x8087f8d0
                0x8042a178                instance__13dCourseFull_c = 0x8042a178
                0x8008e890                getRectByID__9dCourse_cFUcP5mRect = 0x8008e890
                0x8008e3d0                getNextGotoByID__9dCourse_cFUc = 0x8008e3d0
                0x80057820                modifyPlayerPropertiesWithRollingObject = 0x80057820
                0x80a582a0                EN_LandbarrelPlayerCollision = 0x80a582a0
                0x8042a028                instance__16dStageActorMgr_c = 0x8042a028
                0x807db420                StartBGMMusic = 0x807db420
                0x807db430                StopBGMMusic = 0x807db430
                0x8042a1f0                instance__11dStage32C_c = 0x8042a1f0
                0x80429f74                instance__7WLClass = 0x80429f74
                0x8005ca50                disableDemoControl__7WLClassFb = 0x8005ca50
                0x8005c930                demoControlAllPlayers__7WLClassFv = 0x8005c930
                0x800d8d50                ShakeScreen = 0x800d8d50
                0x8042a2e8                StageScreen = 0x8042a2e8
                0x80137650                stunPlayer = 0x80137650
                0x80137790                unstunPlayer = 0x80137790
                0x80064680                createChild__13dStageActor_cF6ActorsP13dStageActor_cUiP7Point3dP6S16VecUc = 0x80064680
                0x8001cdb0                GameMgrBossEndFunc = 0x8001cdb0
                0x807c7f50                MakeMarioEnterDemoMode = 0x807c7f50
                0x8005ca50                MakeMarioExitDemoMode = 0x8005ca50
                0x8005ca50                ForceMarioExitDemoMode = 0x8005ca50
                0x80052170                ResetPlayerState = 0x80052170
                0x8001cdb0                UpdateGameMgr = 0x8001cdb0
                0x80056cb0                UnsetShit = 0x80056cb0
                0x80999c04                StateID_DemoSt2__12daKameckDemo = 0x80999c04
                0x80999c44                StateID_DemoSt__12daKameckDemo = 0x80999c44
                0x80999c84                StateID_DemoWait__12daKameckDemo = 0x80999c84
                0x80b8bfac                StateID_Fall__13daBossKoopa_c = 0x80b8bfac
                0x8099cf8c                StateID_DemoWait__9daNeedles = 0x8099cf8c
                0x8099cfd0                StateID_DemoAwake__9daNeedles = 0x8099cfd0
                0x8099d010                StateID_Idle__9daNeedles = 0x8099d010
                0x8099d050                StateID_Die__9daNeedles = 0x8099d050
                0x8035451c                StateID_None__7dPlayer = 0x8035451c
                0x8035455c                StateID_Walk__7dPlayer = 0x8035455c
                0x8035459c                StateID_Jump__7dPlayer = 0x8035459c
                0x8035499c                StateID_DemoNone__7dPlayer = 0x8035499c
                0x80354a1c                StateID_DemoWait__7dPlayer = 0x80354a1c
                0x80354ddc                StateID_DemoGoal__7dPlayer = 0x80354ddc
                0x80354e1c                StateID_DemoControl__7dPlayer = 0x80354e1c
                0x808a94c0                PlayWrenchSound = 0x808a94c0
                0x8042a3e0                WaterManager = 0x8042a3e0
                0x800eba40                CheckforLiquid = 0x800eba40
                0x80b7e840                BowserFireballCollision = 0x80b7e840
                0x80b3f200                BowserDamageAnmClr = 0x80b3f200
                0x80b1f8d0                BowserDamageStepTwo = 0x80b1f8d0
                0x80b1f8f0                BowserDamageNormal = 0x80b1f8f0
                0x80098d80                BowserDamageKill = 0x80098d80
                0x80b3f530                BowserDamageEnd = 0x80b3f530
                0x8008c3e0                ActivePhysics_InitWithStruct = 0x8008c3e0
                0x8008c330                ActivePhysics_AddToList = 0x8008c330
                0x8008c200                __ct__13ActivePhysicsFv = 0x8008c200
                0x8008c260                __dt__13ActivePhysicsFv = 0x8008c260
                0x8006cd90                HandleXSpeed = 0x8006cd90
                0x8006cde0                HandleYSpeed = 0x8006cde0
                0x8006cd40                UpdateObjectPosBasedOnSpeedValues_real = 0x8006cd40
                0x80096240                dSprite_c__getXDirectionOfFurthestPlayerRelativeToVEC3 = 0x80096240
                0x80064740                CalculateDistanceFromActorsNextPosToFurthestPlayer = 0x80064740
                0x800955f0                doSpriteMovement = 0x800955f0
                0x8042a1c8                instance__17dEffectBreakMgr_c = 0x8042a1c8
                0x800925f0                spawnTile__17dEffectBreakMgr_cFP7Point3dUic = 0x800925f0
                0x80070cb0                CollidedWithTile = 0x80070cb0
                0x80096e60                SomeStrangeModification = 0x80096e60
                0x8006ced0                Actor_GetVec3WithValuesAdded = 0x8006ced0
                0x8006a4b0                ConvertStagePositionIntoScreenPosition__Maybe = 0x8006a4b0
                0x80198040                AnotherSoundRelatedFunction = 0x80198040
                0x80199100                YetAnotherSoundPlayer = 0x80199100
                0x80196740                CheckIfPlayingSound = 0x80196740
                0x80105350                RelatedToPlayingSoundsAlongsideAnims = 0x80105350
                0x8042a768                SoundRelatedClass = 0x8042a768
                0x801954c0                MapSoundPlayer = 0x801954c0
                0x801951d0                PlaySoundWithFunctionB4 = 0x801951d0
                0x8006a4b0                ConvertStagePositionToScreenPosition__FP7Point2dP7Point3d = 0x8006a4b0
                0x80198d70                PlaySoundAtPosition__17SoundPlayingClassFiP7Point2dUi = 0x80198d70
                0x8042a040                instance2__17SoundPlayingClass = 0x8042a040
                0x80102370                ExitStage__Fiiii = 0x80102370
                0x80102374                ExitStageRealRest = 0x80102374
                0x8042931c                LastPowerupStoreType = 0x8042931c
                0x8016f290                zero__4mMtxFv = 0x8016f290
                0x8016ed30                rotationX__4mMtxFPs = 0x8016ed30
                0x8016edf0                applyRotationX__4mMtxFPs = 0x8016edf0
                0x8016ee50                rotationY__4mMtxFPs = 0x8016ee50
                0x8016ef10                applyRotationY__4mMtxFPs = 0x8016ef10
                0x8016ef70                rotationZ__4mMtxFPs = 0x8016ef70
                0x8016f030                applyRotationZ__4mMtxFPs = 0x8016f030
                0x8016f090                applyRotationYXZ__4mMtxFPsPsPs = 0x8016f090
                0x8016f110                applyRotationZYX__4mMtxFPsPsPs = 0x8016f110
                0x802dcf98                _savefpr_14 = 0x802dcf98
                0x802dcf9c                _savefpr_15 = 0x802dcf9c
                0x802dcfa0                _savefpr_16 = 0x802dcfa0
                0x802dcfa4                _savefpr_17 = 0x802dcfa4
                0x802dcfa8                _savefpr_18 = 0x802dcfa8
                0x802dcfac                _savefpr_19 = 0x802dcfac
                0x802dcfb0                _savefpr_20 = 0x802dcfb0
                0x802dcfb4                _savefpr_21 = 0x802dcfb4
                0x802dcfb8                _savefpr_22 = 0x802dcfb8
                0x802dcfbc                _savefpr_23 = 0x802dcfbc
                0x802dcfc0                _savefpr_24 = 0x802dcfc0
                0x802dcfc4                _savefpr_25 = 0x802dcfc4
                0x802dcfc8                _savefpr_26 = 0x802dcfc8
                0x802dcfcc                _savefpr_27 = 0x802dcfcc
                0x802dcfd0                _savefpr_28 = 0x802dcfd0
                0x802dcfd4                _savefpr_29 = 0x802dcfd4
                0x802dcfd8                _savefpr_30 = 0x802dcfd8
                0x802dcfdc                _savefpr_31 = 0x802dcfdc
                0x802dcfe4                _restfpr_14 = 0x802dcfe4
                0x802dcfe8                _restfpr_15 = 0x802dcfe8
                0x802dcfec                _restfpr_16 = 0x802dcfec
                0x802dcff0                _restfpr_17 = 0x802dcff0
                0x802dcff4                _restfpr_18 = 0x802dcff4
                0x802dcff8                _restfpr_19 = 0x802dcff8
                0x802dcffc                _restfpr_20 = 0x802dcffc
                0x802dd000                _restfpr_21 = 0x802dd000
                0x802dd004                _restfpr_22 = 0x802dd004
                0x802dd008                _restfpr_23 = 0x802dd008
                0x802dd00c                _restfpr_24 = 0x802dd00c
                0x802dd010                _restfpr_25 = 0x802dd010
                0x802dd014                _restfpr_26 = 0x802dd014
                0x802dd018                _restfpr_27 = 0x802dd018
                0x802dd01c                _restfpr_28 = 0x802dd01c
                0x802dd020                _restfpr_29 = 0x802dd020
                0x802dd024                _restfpr_30 = 0x802dd024
                0x802dd028                _restfpr_31 = 0x802dd028
                0x802dd030                _savegpr_14 = 0x802dd030
                0x802dd034                _savegpr_15 = 0x802dd034
                0x802dd038                _savegpr_16 = 0x802dd038
                0x802dd03c                _savegpr_17 = 0x802dd03c
                0x802dd040                _savegpr_18 = 0x802dd040
                0x802dd044                _savegpr_19 = 0x802dd044
                0x802dd048                _savegpr_20 = 0x802dd048
                0x802dd04c                _savegpr_21 = 0x802dd04c
                0x802dd050                _savegpr_22 = 0x802dd050
                0x802dd054                _savegpr_23 = 0x802dd054
                0x802dd058                _savegpr_24 = 0x802dd058
                0x802dd05c                _savegpr_25 = 0x802dd05c
                0x802dd060                _savegpr_26 = 0x802dd060
                0x802dd064                _savegpr_27 = 0x802dd064
                0x802dd068                _savegpr_28 = 0x802dd068
                0x802dd06c                _savegpr_29 = 0x802dd06c
                0x802dd070                _savegpr_30 = 0x802dd070
                0x802dd074                _savegpr_31 = 0x802dd074
                0x802dd07c                _restgpr_14 = 0x802dd07c
                0x802dd080                _restgpr_15 = 0x802dd080
                0x802dd084                _restgpr_16 = 0x802dd084
                0x802dd088                _restgpr_17 = 0x802dd088
                0x802dd08c                _restgpr_18 = 0x802dd08c
                0x802dd090                _restgpr_19 = 0x802dd090
                0x802dd094                _restgpr_20 = 0x802dd094
                0x802dd098                _restgpr_21 = 0x802dd098
                0x802dd09c                _restgpr_22 = 0x802dd09c
                0x802dd0a0                _restgpr_23 = 0x802dd0a0
                0x802dd0a4                _restgpr_24 = 0x802dd0a4
                0x802dd0a8                _restgpr_25 = 0x802dd0a8
                0x802dd0ac                _restgpr_26 = 0x802dd0ac
                0x802dd0b0                _restgpr_27 = 0x802dd0b0
                0x802dd0b4                _restgpr_28 = 0x802dd0b4
                0x802dd0b8                _restgpr_29 = 0x802dd0b8
                0x802dd0bc                _restgpr_30 = 0x802dd0bc
                0x802dd0c0                _restgpr_31 = 0x802dd0c0
                0x802dd4dc                __shl2i = 0x802dd4dc
                0x802b9350                __nw__FUl = 0x802b9350
                0x802b93c0                __dl__FPv = 0x802b93c0
                0x802b93d0                __dla__FPv = 0x802b93d0
                0x802dcad0                __construct_new_array = 0x802dcad0
                0x802dce00                __destroy_new_array = 0x802dce00
                0x802dcd88                __destroy_arr = 0x802dcd88
                0x80024c20                sub_80024C20 = 0x80024c20
                0x802dca70                __register_global_object = 0x802dca70
                0x802dceec                __ptmf_scall = 0x802dceec
                0x8015f740                setup__13FunctionChainFPPFPv_bUs = 0x8015f740
                0x8006cf40                __ct__14collisionMgr_c = 0x8006cf40
                0x8006cf40                __dt__14collisionMgr_c = 0x8006cf40
                0x8006cfe0                clear1__14collisionMgr_cFv = 0x8006cfe0
                0x8006d000                clear2__14collisionMgr_cFv = 0x8006d000
                0x8006d090                init__14collisionMgr_cFP13dStageActor_cPC12sensorBase_sPC12sensorBase_sPC12sensorBase_s = 0x8006d090
                0x8006d440                Clear3__14collisionMgr_cFv = 0x8006d440
                0x8006db30                calculateBelowCollision__14collisionMgr_cFv = 0x8006db30
                0x80070cb0                isOnTopOfTile__14collisionMgr_cCFv = 0x80070cb0
                0x8006ef40                calculateAboveCollision__14collisionMgr_cFUi = 0x8006ef40
                0x80072bc0                calculateBelowCollisionWithSmokeEffect__14collisionMgr_cFv = 0x80072bc0
                0x8006fa40                calculateAdjacentCollision__14collisionMgr_cFPf = 0x8006fa40
                0x80070760                s_80070760__14collisionMgr_cFv = 0x80070760
                0x800707e0                s_800707E0__14collisionMgr_cFv = 0x800707e0
                0x80070ba0                getTileBehaviour1At__14collisionMgr_cFffUc = 0x80070ba0
                0x80070bf0                getTileBehaviour2At__14collisionMgr_cFffUc = 0x80070bf0
                0x800b8490                __ct_11freezeMgr_c = 0x800b8490
                0x800b8530                __dt__11freezeMgr_cFv = 0x800b8530
                0x800b85a0                doSomethingCool1__11freezeMgr_c = 0x800b85a0
                0x800b8670                doSomethingCool2__11freezeMgr_c = 0x800b8670
                0x800b8740                setSomething__11freezeMgr_cFUiUiUi = 0x800b8740
                0x800b8750                Create_ICEACTORs__11freezeMgr_cFPvi = 0x800b8750
                0x800b88a0                Delete_ICEACTORs__11freezeMgr_c = 0x800b88a0
                0x800b8920                SetIceTimer_pt1__11freezeMgr_c = 0x800b8920
                0x800b8980                SetIceTimer_pt2__11freezeMgr_c = 0x800b8980
                0x800b8a00                CheckIceTimer_lte_Value__11freezeMgr_c = 0x800b8a00
                0x800b8a70                doSomethingCool3__11freezeMgr_c = 0x800b8a70
                0x800b8b00                doSomethingCool4__11freezeMgr_c = 0x800b8b00
                0x800b8b80                doSomethingCool5__11freezeMgr_c = 0x800b8b80
                0x800b8c00                doSomethingCool6__11freezeMgr_c = 0x800b8c00
                0x800b8c80                DoMeltNormal__11freezeMgr_c = 0x800b8c80
                0x800b8d40                doSomethingCool7__11freezeMgr_c = 0x800b8d40
                0x800b8f30                CheckCountdownTimer__11freezeMgr_c = 0x800b8f30
                0x80329758                __vt__7fBase_c = 0x80329758
                0x80161ec0                onCreate__7fBase_cFv = 0x80161ec0
                0x80161f70                onDelete__7fBase_cFv = 0x80161f70
                0x80162210                onExecute__7fBase_cFv = 0x80162210
                0x80162410                willBeDeleted__7fBase_cFv = 0x80162410
                0x80162730                moreHeapShit__7fBase_cFUiPv = 0x80162730
                0x80162930                createHeap__7fBase_cFUiPv = 0x80162930
                0x801629f0                heapCreated__7fBase_cFv = 0x801629f0
                0x80162650                Delete__7fBase_cFv = 0x80162650
                0x80162af0                findNextUninitialisedProcess__7fBase_cFv = 0x80162af0
                0x80162b60                hasUninitialisedProcesses__7fBase_cFv = 0x80162b60
                0x80162310                onDraw__7fBase_cFv = 0x80162310
                0x80162650                _Z15fBase_c__DeletePv = 0x80162650
                0x80162650                fBase_c__Delete__FPv = 0x80162650
                0x80317b78                __vt__15StageActorLight = 0x80317b78
                0x800ccb70                init__15StageActorLight_FPvi = 0x800ccb70
                0x800ccc30                update__15StageActorLight = 0x800ccc30
                0x800ccce0                draw__15StageActorLight = 0x800ccce0
                0x800414a0                __dt__15StageActorLight = 0x800414a0
                0x8006c660                GetExplanationString__7dBase_cFv = 0x8006c660
                0x803021a8                __vt__15daEnBlockMain_c = 0x803021a8
                0x80023340                __dt__15daEnBlockMain_cFv = 0x80023340
                0x80022e80                calledWhenUpMoveBegins__15daEnBlockMain_cFv = 0x80022e80
                0x80022f60                calledWhenDownMoveBegins__15daEnBlockMain_cFv = 0x80022f60
                0x80022f30                calledWhenUpMoveExecutes__15daEnBlockMain_cFv = 0x80022f30
                0x800231a0                calledWhenUpMoveDiffExecutes__15daEnBlockMain_cFv = 0x800231a0
                0x80023010                calledWhenDownMoveExecutes__15daEnBlockMain_cFv = 0x80023010
                0x80023080                calledWhenDownMoveEndExecutes__15daEnBlockMain_cFv = 0x80023080
                0x800232c0                calledWhenDownMoveDiffExecutes__15daEnBlockMain_cFv = 0x800232c0
                0x80023330                calledWhenDownMoveDiffEndExecutes__15daEnBlockMain_cFv = 0x80023330
                0x80022dc0                updateScale__15daEnBlockMain_cFb = 0x80022dc0
                0x80022e60                upMove_Begin__15daEnBlockMain_cFv = 0x80022e60
                0x80022ea0                upMove_Execute__15daEnBlockMain_cFv = 0x80022ea0
                0x80022e90                upMove_End__15daEnBlockMain_cFv = 0x80022e90
                0x80022f40                downMove_Begin__15daEnBlockMain_cFv = 0x80022f40
                0x80022f80                downMove_Execute__15daEnBlockMain_cFv = 0x80022f80
                0x80022f70                downMove_End__15daEnBlockMain_cFv = 0x80022f70
                0x80023020                downMoveEnd_Begin__15daEnBlockMain_cFv = 0x80023020
                0x80023040                downMoveEnd_Execute__15daEnBlockMain_cFv = 0x80023040
                0x80023030                downMoveEnd_End__15daEnBlockMain_cFv = 0x80023030
                0x80023090                upMove_Diff_Begin__15daEnBlockMain_cFv = 0x80023090
                0x800230d0                upMove_Diff_Execute__15daEnBlockMain_cFv = 0x800230d0
                0x800230c0                upMove_Diff_End__15daEnBlockMain_cFv = 0x800230c0
                0x800231b0                downMove_Diff_Begin__15daEnBlockMain_cFv = 0x800231b0
                0x800231f0                downMove_Diff_Execute__15daEnBlockMain_cFv = 0x800231f0
                0x800231e0                downMove_Diff_End__15daEnBlockMain_cFv = 0x800231e0
                0x800232d0                downMove_DiffEnd_Begin__15daEnBlockMain_cFv = 0x800232d0
                0x800232f0                downMove_DiffEnd_Execute__15daEnBlockMain_cFv = 0x800232f0
                0x800232e0                downMove_DiffEnd_End__15daEnBlockMain_cFv = 0x800232e0
                0x80021690                blockInit__15daEnBlockMain_cFf = 0x80021690
                0x800217b0                blockUpdate__15daEnBlockMain_cFv = 0x800217b0
                0x800212c0                blockResult__15daEnBlockMain_cFv = 0x800212c0
                0x80021180                PhysicsCallback1__15daEnBlockMain_c = 0x80021180
                0x80021170                PhysicsCallback2__15daEnBlockMain_c = 0x80021170
                0x800211a0                PhysicsCallback3__15daEnBlockMain_c = 0x800211a0
                0x80020bf0                OPhysicsCallback1__15daEnBlockMain_c = 0x80020bf0
                0x80020e70                OPhysicsCallback2__15daEnBlockMain_c = 0x80020e70
                0x80021010                OPhysicsCallback3__15daEnBlockMain_c = 0x80021010
                0x80352d34                StateID_UpMove__15daEnBlockMain_c = 0x80352d34
                0x80352d74                StateID_DownMove__15daEnBlockMain_c = 0x80352d74
                0x80352db4                StateID_DownMoveEnd__15daEnBlockMain_c = 0x80352db4
                0x80352df4                StateID_UpMove_Diff__15daEnBlockMain_c = 0x80352df4
                0x80352e34                StateID_DownMove_Diff__15daEnBlockMain_c = 0x80352e34
                0x80352e74                StateID_DownMove_DiffEnd__15daEnBlockMain_c = 0x80352e74
                0x80094e80                __ct__5dEn_cFv = 0x80094e80
                0x80095130                __dt__5dEn_cFv = 0x80095130
                0x800951d0                afterCreate__5dEn_cFi = 0x800951d0
                0x80095240                beforeExecute__5dEn_cFv = 0x80095240
                0x80095480                afterExecute__5dEn_cFi = 0x80095480
                0x800954a0                beforeDraw__5dEn_cFv = 0x800954a0
                0x80097f70                kill__5dEn_cFv = 0x80097f70
                0x80097c40                eatIn__5dEn_cFv = 0x80097c40
                0x80097cb0                disableEatIn__5dEn_cFv = 0x80097cb0
                0x80097d30                _vf8C__5dEn_cFPv = 0x80097d30
                0x800973f0                _vfCC__5dEn_cFP7Point2df = 0x800973f0
                0x800974f0                _vfD0__5dEn_cFP7Point2df = 0x800974f0
                0x800a7df0                doStateChange__5dEn_cFP12dStateBase_c = 0x800a7df0
                0x80095950                collisionCallback__5dEn_cFP13ActivePhysicsP13ActivePhysics = 0x80095950
                0x80095ce0                preSpriteCollision__5dEn_cFP13ActivePhysicsP13ActivePhysics = 0x80095ce0
                0x80095d30                prePlayerCollision__5dEn_cFP13ActivePhysicsP13ActivePhysics = 0x80095d30
                0x80095f50                preYoshiCollision__5dEn_cFP13ActivePhysicsP13ActivePhysics = 0x80095f50
                0x80096060                stageActorCollision__5dEn_cFP13ActivePhysicsP13ActivePhysics = 0x80096060
                0x80095c10                spriteCollision__5dEn_cFP13ActivePhysicsP13ActivePhysics = 0x80095c10
                0x80095c20                playerCollision__5dEn_cFP13ActivePhysicsP13ActivePhysics = 0x80095c20
                0x80095c80                yoshiCollision__5dEn_cFP13ActivePhysicsP13ActivePhysics = 0x80095c80
                0x8009f840                collisionCat3_StarPower__5dEn_cFP13ActivePhysicsP13ActivePhysics = 0x8009f840
                0x8009fb50                collisionCat5_Mario__5dEn_cFP13ActivePhysicsP13ActivePhysics = 0x8009fb50
                0x8009fe40                _vf108__5dEn_cFP13ActivePhysicsP13ActivePhysics = 0x8009fe40
                0x8009ffd0                collisionCatD_Drill__5dEn_cFP13ActivePhysicsP13ActivePhysics = 0x8009ffd0
                0x8009ffc0                _vf110__5dEn_cFP13ActivePhysicsP13ActivePhysics = 0x8009ffc0
                0x8009fce0                collisionCat8_FencePunch__5dEn_cFP13ActivePhysicsP13ActivePhysics = 0x8009fce0
                0x800a0150                collisionCat7_GroundPound__5dEn_cFP13ActivePhysicsP13ActivePhysics = 0x800a0150
                0x800a02d0                collisionCat7_GroundPoundYoshi__5dEn_cFP13ActivePhysicsP13ActivePhysics = 0x800a02d0
                0x8009fcd0                _vf120__5dEn_cFP13ActivePhysicsP13ActivePhysics = 0x8009fcd0
                0x8009fcc0                collisionCatA_PenguinMario__5dEn_cFP13ActivePhysicsP13ActivePhysics = 0x8009fcc0
                0x8009f9d0                collisionCat11_PipeCannon__5dEn_cFP13ActivePhysicsP13ActivePhysics = 0x8009f9d0
                0x800a0700                collisionCat9_RollingObject__5dEn_cFP13ActivePhysicsP13ActivePhysics = 0x800a0700
                0x800a08d0                collisionCat1_Fireball_E_Explosion__5dEn_cFP13ActivePhysicsP13ActivePhysics = 0x800a08d0
                0x800a0a30                collisionCat2_IceBall_15_YoshiIce__5dEn_cFP13ActivePhysicsP13ActivePhysics = 0x800a0a30
                0x800a03c0                collisionCat13_Hammer__5dEn_cFP13ActivePhysicsP13ActivePhysics = 0x800a03c0
                0x800a0550                collisionCat14_YoshiFire__5dEn_cFP13ActivePhysicsP13ActivePhysics = 0x800a0550
                0x800a0ea0                killWithSpecifiedState__5dEn_cFP13dStageActor_cP7Point2dP12dStateBase_cUi = 0x800a0ea0
                0x800a10b0                _vf140__5dEn_cFP13dStageActor_c = 0x800a10b0
                0x800a0c70                powBlockActivated__5dEn_cFb = 0x800a0c70
                0x800a12a0                _vf148__5dEn_cFv = 0x800a12a0
                0x800a1370                _vf14C__5dEn_cFv = 0x800a1370
                0x800206d0                canBePowed__5dEn_cFv = 0x800206d0
                0x80096230                eatenByYoshiProbably__5dEn_cFv = 0x80096230
                0x800a1190                killByDieFall__5dEn_cFP13dStageActor_c = 0x800a1190
                0x800a1c00                playHpdpSound1__5dEn_cFv = 0x800a1c00
                0x800a1bb0                playEnemyDownSound1__5dEn_cFv = 0x800a1bb0
                0x800a1c80                playEnemyDownComboSound__5dEn_cFPv = 0x800a1c80
                0x800a1d90                playHpdpSound2__5dEn_cFv = 0x800a1d90
                0x800a1e10                _vf168__5dEn_cFv = 0x800a1e10
                0x800a1470                dieFumi_Begin__5dEn_cFv = 0x800a1470
                0x800a1600                dieFumi_Execute__5dEn_cFv = 0x800a1600
                0x800a1820                dieFumi_End__5dEn_cFv = 0x800a1820
                0x800a16a0                dieFall_Begin__5dEn_cFv = 0x800a16a0
                0x800a1830                dieFall_Execute__5dEn_cFv = 0x800a1830
                0x800a1820                dieFall_End__5dEn_cFv = 0x800a1820
                0x800a1910                dieBigFall_Begin__5dEn_cFv = 0x800a1910
                0x800a1930                dieBigFall_Execute__5dEn_cFv = 0x800a1930
                0x800a1920                dieBigFall_End__5dEn_cFv = 0x800a1920
                0x800a1980                dieSmoke_Begin__5dEn_cFv = 0x800a1980
                0x800a1a00                dieSmoke_Execute__5dEn_cFv = 0x800a1a00
                0x800a19f0                dieSmoke_End__5dEn_cFv = 0x800a19f0
                0x800a1ac0                dieYoshiFumi_Begin__5dEn_cFv = 0x800a1ac0
                0x800a1b40                dieYoshiFumi_Execute__5dEn_cFv = 0x800a1b40
                0x800a1b30                dieYoshiFumi_End__5dEn_cFv = 0x800a1b30
                0x800a1a10                dieIceVanish_Begin__5dEn_cFv = 0x800a1a10
                0x800a1ab0                dieIceVanish_Execute__5dEn_cFv = 0x800a1ab0
                0x800a1aa0                dieIceVanish_End__5dEn_cFv = 0x800a1aa0
                0x800a1b50                dieGoal_Begin__5dEn_cFv = 0x800a1b50
                0x800a1b70                dieGoal_Execute__5dEn_cFv = 0x800a1b70
                0x800a1b60                dieGoal_End__5dEn_cFv = 0x800a1b60
                0x800a1b80                dieOther_Begin__5dEn_cFv = 0x800a1b80
                0x800a1ba0                dieOther_Execute__5dEn_cFv = 0x800a1ba0
                0x800a1b90                dieOther_End__5dEn_cFv = 0x800a1b90
                0x800a81c0                eatIn_Begin__5dEn_cFv = 0x800a81c0
                0x800a81e0                eatIn_Execute__5dEn_cFv = 0x800a81e0
                0x800a81d0                eatIn_End__5dEn_cFv = 0x800a81d0
                0x800a8260                eatNow_Begin__5dEn_cFv = 0x800a8260
                0x800a8280                eatNow_Execute__5dEn_cFv = 0x800a8280
                0x800a8270                eatNow_End__5dEn_cFv = 0x800a8270
                0x800a8290                eatOut_Begin__5dEn_cFv = 0x800a8290
                0x800a82b0                eatOut_Execute__5dEn_cFv = 0x800a82b0
                0x800a82a0                eatOut_End__5dEn_cFv = 0x800a82a0
                0x800a8190                hitSpin_Begin__5dEn_cFv = 0x800a8190
                0x800a81b0                hitSpin_Execute__5dEn_cFv = 0x800a81b0
                0x800a81a0                hitSpin_End__5dEn_cFv = 0x800a81a0
                0x800a7e90                ice_Begin__5dEn_cFv = 0x800a7e90
                0x800a7f40                ice_Execute__5dEn_cFv = 0x800a7f40
                0x800a7f30                ice_End__5dEn_cFv = 0x800a7f30
                0x80095520                spawnHitEffectAtPosition__5dEn_cF7Point2d = 0x80095520
                0x80095530                doSomethingWithHardHitAndSoftHitEffects__5dEn_cF7Point3d = 0x80095530
                0x80095580                playEnemyDownSound2__5dEn_cFv = 0x80095580
                0x800955d0                add2ToYSpeed__5dEn_cFv = 0x800955d0
                0x80095890                _vf218__5dEn_cFv = 0x80095890
                0x80097770                _vf21C__5dEn_cFv = 0x80097770
                0x80097f20                _vf220__5dEn_cFPv = 0x80097f20
                0x80097f60                _vf224__5dEn_cFv = 0x80097f60
                0x800206c0                _vf228__5dEn_cFv = 0x800206c0
                0x800a8060                CreateIceActors__5dEn_cFv = 0x800a8060
                0x800a8150                _vf230__5dEn_cFv = 0x800a8150
                0x800a8160                _vf234__5dEn_cFv = 0x800a8160
                0x800a8180                _vf238__5dEn_cFv = 0x800a8180
                0x800206b0                _vf23C__5dEn_cFv = 0x800206b0
                0x800206a0                _vf240__5dEn_cFv = 0x800206a0
                0x80020690                _vf244__5dEn_cFv = 0x80020690
                0x800968e0                _vf248__5dEn_cFi = 0x800968e0
                0x80096710                bouncePlayerWhenJumpedOn__5dEn_cFPv = 0x80096710
                0x80096700                addScoreWhenHit__5dEn_cFPv = 0x80096700
                0x80096720                _vf254__5dEn_cFPv = 0x80096720
                0x80096760                _vf258__5dEn_cFPv = 0x80096760
                0x80096770                _vf25C__5dEn_cFPv = 0x80096770
                0x80096910                _vf260__5dEn_cFPv = 0x80096910
                0x80096d60                _vf264__5dEn_cFP13dStageActor_c = 0x80096d60
                0x80096a20                _vf268__5dEn_cFPv = 0x80096a20
                0x80096df0                spawnHitEffectAtPositionAgain__5dEn_cF7Point2d = 0x80096df0
                0x80096c40                playMameStepSound__5dEn_cFv = 0x80096c40
                0x80096e50                _vf274__5dEn_cFv = 0x80096e50
                0x80096b30                _vf278__5dEn_cFPv = 0x80096b30
                0x80096e40                _vf27C__5dEn_cFv = 0x80096e40
                0x80357eb4                StateID_DieFumi__5dEn_c = 0x80357eb4
                0x80357ef4                StateID_DieFall__5dEn_c = 0x80357ef4
                0x80357f34                StateID_DieBigFall__5dEn_c = 0x80357f34
                0x80357f74                StateID_DieSmoke__5dEn_c = 0x80357f74
                0x80357fb4                StateID_DieIceVanish__5dEn_c = 0x80357fb4
                0x80357ff4                StateID_DieYoshiFumi__5dEn_c = 0x80357ff4
                0x80358034                StateID_DieGoal__5dEn_c = 0x80358034
                0x80358074                StateID_DieOther__5dEn_c = 0x80358074
                0x800955f0                doSpriteMovement__5dEn_cFv = 0x800955f0
                0x800978c0                CheckIfPlayerBelow__5dEn_cFff = 0x800978c0
                0x800957b0                stuffRelatingToCollisions__5dEn_cFfff = 0x800957b0
                0x80097250                checkLiquidImmersion__5dEn_cFP7Point2df = 0x80097250
                0x800967a0                bouncePlayer__5dEn_cFPvf = 0x800967a0
                0x80066fc0                __ct__13dActorState_cFv = 0x80066fc0
                0x800671b0                __dt__13dActorState_cFv = 0x800671b0
                0x80067230                beginState_Gegneric__13dActorState_cFv = 0x80067230
                0x80067240                endState_Gegneric__13dActorState_cFv = 0x80067240
                0x80067250                executeState_Gegneric__13dActorState_cFv = 0x80067250
                0x80067590                _vfD8__18dActorMultiState_cFv = 0x80067590
                0x800675b0                _vfDC__18dActorMultiState_cFv = 0x800675b0
                0x800675a0                _vfE0__18dActorMultiState_cFv = 0x800675a0
                0x80064110                __ct__13dStageActor_cFv = 0x80064110
                0x800642b0                __dt__13dStageActor_cFv = 0x800642b0
                0x80064350                beforeCreate__13dStageActor_cFv = 0x80064350
                0x80064380                afterCreate__13dStageActor_cFi = 0x80064380
                0x80064390                beforeDelete__13dStageActor_cFv = 0x80064390
                0x800643e0                afterDelete__13dStageActor_cFi = 0x800643e0
                0x800643f0                beforeExecute__13dStageActor_cFv = 0x800643f0
                0x80064490                afterExecute__13dStageActor_cFi = 0x80064490
                0x80064540                beforeDraw__13dStageActor_cFv = 0x80064540
                0x800645e0                afterDraw__13dStageActor_cFi = 0x800645e0
                0x800645f0                GetExplanationString__13dStageActor_cFv = 0x800645f0
                0x80065080                isOutOfView__13dStageActor_cFv = 0x80065080
                0x80065650                kill__13dStageActor_cFv = 0x80065650
                0x8001d210                _vf68__13dStageActor_cFv = 0x8001d210
                0x8001d200                _vf6C__13dStageActor_cFv = 0x8001d200
                0x80065620                _vf70__13dStageActor_cFv = 0x80065620
                0x8001d1f0                _vf74__13dStageActor_cFv = 0x8001d1f0
                0x80065820                itemPickedUp__13dStageActor_cFv = 0x80065820
                0x8001d1e0                _vf7C__13dStageActor_cFv = 0x8001d1e0
                0x80065830                eatIn__13dStageActor_cFv = 0x80065830
                0x80065850                disableEatIn__13dStageActor_cFv = 0x80065850
                0x80065860                _vf88__13dStageActor_cFv = 0x80065860
                0x80065870                _vf8C__13dStageActor_cFPv = 0x80065870
                0x80065880                _vf90__13dStageActor_cFP13dStageActor_c = 0x80065880
                0x80065ac0                _vf94__13dStageActor_cFPv = 0x80065ac0
                0x80066080                removeMyActivePhysics__13dStageActor_cFv = 0x80066080
                0x80066090                addMyActivePhysics__13dStageActor_cFv = 0x80066090
                0x80065950                returnRegularScale__13dStageActor_cFv = 0x80065950
                0x80065970                _vfA4__13dStageActor_cFPv = 0x80065970
                0x80065a00                _vfA8__13dStageActor_cFPv = 0x80065a00
                0x80065a40                _vfAC__13dStageActor_cFPv = 0x80065a40
                0x80065660                killedByLevelClear__13dStageActor_cFv = 0x80065660
                0x80065b40                _vfB4__13dStageActor_cFv = 0x80065b40
                0x8001d1d0                _vfB8__13dStageActor_cFv = 0x8001d1d0
                0x80065b50                _vfBC__13dStageActor_cFv = 0x80065b50
                0x80065b60                _vfC0__13dStageActor_cFv = 0x80065b60
                0x80065b70                _vfC4__13dStageActor_cFv = 0x80065b70
                0x80065cc0                _vfC8__13dStageActor_cFP7Point2df = 0x80065cc0
                0x80065dc0                _vfCC__13dStageActor_cFP7Point2df = 0x80065dc0
                0x80065ec0                _vfD0__13dStageActor_cFP7Point2df = 0x80065ec0
                0x80064da0                outOfZone__13dStageActor_cF7Point3dPfUc = 0x80064da0
                0x80064f50                checkZoneBoundaries__13dStageActor_cFUi = 0x80064f50
                0x80064610                create__13dStageActor_cF6ActorsUiP7Point3dP6S16VecUc = 0x80064610
                0x80064d10                Delete__13dStageActor_cFUc = 0x80064d10
                0x800e1aa0                __ct__8dScene_cFv = 0x800e1aa0
                0x800e1b10                __dt__8dScene_cFv = 0x800e1b10
                0x800e1b90                beforeCreate__8dScene_cFv = 0x800e1b90
                0x800e1bd0                afterCreate__8dScene_cFi = 0x800e1bd0
                0x800e1c40                beforeDelete__8dScene_cFv = 0x800e1c40
                0x800e1c70                afterDelete__8dScene_cFi = 0x800e1c70
                0x800e1cd0                beforeExecute__8dScene_cFv = 0x800e1cd0
                0x800e1e10                afterExecute__8dScene_cFi = 0x800e1e10
                0x800e1e60                beforeDraw__8dScene_cFv = 0x800e1e60
                0x800e1e90                afterDraw__8dScene_cFi = 0x800e1e90
                0x8006c6d0                __ct__8dActor_cFv = 0x8006c6d0
                0x8006c7f0                __dt__8dActor_cFv = 0x8006c7f0
                0x8006cd40                UpdateObjectPosBasedOnSpeedValuesReal__8dActor_cFv = 0x8006cd40
                0x8006cd90                HandleXSpeed__8dActor_cFv = 0x8006cd90
                0x8006cde0                HandleYSpeed__8dActor_cFv = 0x8006cde0
                0x8006c420                __ct__7dBase_cFv = 0x8006c420
                0x8006c490                __dt__7dBase_cFv = 0x8006c490
                0x8006c540                beforeCreate__7dBase_cFv = 0x8006c540
                0x8006c570                afterCreate__7dBase_cFi = 0x8006c570
                0x8006c580                beforeDelete__7dBase_cFv = 0x8006c580
                0x8006c5b0                afterDelete__7dBase_cFi = 0x8006c5b0
                0x8006c5c0                beforeExecute__7dBase_cFv = 0x8006c5c0
                0x8006c600                afterExecute__7dBase_cFi = 0x8006c600
                0x8006c610                beforeDraw__7dBase_cFv = 0x8006c610
                0x8006c650                afterDraw__7dBase_cFi = 0x8006c650
                0x8006ca50                specialDraw1__8dActor_cFv = 0x8006ca50
                0x8006ca60                specialDraw2__8dActor_cFv = 0x8006ca60
                0x8001d1c0                _vf58__8dActor_cFv = 0x8001d1c0
                0x8001d1b0                _vf5C__8dActor_cFv = 0x8001d1b0
                0x8015f900                __ct__12dStateBase_cFPCc = 0x8015f900
                0x8015f940                __dt__12dStateBase_cFv = 0x8015f940
                0x8015f980                isInvalid__12dStateBase_cFv = 0x8015f980
                0x8015f990                isEqualNotUsedForSomeReason__12dStateBase_cFP12dStateBase_c = 0x8015f990
                0x8015fa00                isEqual__12dStateBase_cFP12dStateBase_c = 0x8015fa00
                0x8015fa10                isNotEqual__12dStateBase_cFP12dStateBase_c = 0x8015fa10
                0x8015fa60                getName__12dStateBase_cFv = 0x8015fa60
                0x8015fa70                getID__12dStateBase_cFv = 0x8015fa70
                0x800142a0                isSameStateName__12dStateBase_cFPCc = 0x800142a0
                0x80012970                doBegin__12dStateBase_cFPv = 0x80012970
                0x80012940                doExecute__12dStateBase_cFPv = 0x80012940
                0x80012910                doEnd__12dStateBase_cFPv = 0x80012910
                0x80377d04                mNoState__12dStateBase_c = 0x80377d04
                0x8015fb30                __dt__15dStateMgrBase_cFv = 0x8015fb30
                0x8015fdd0                __ct__11dStateMgr_cFP17dStatePointless_cP20dStateExecutorBase_cP12dStateBase_c = 0x8015fdd0
                0x800e3bd0                __ct__10dFlagMgr_c = 0x800e3bd0
                0x800e3c90                setup__10dFlagMgr_cFb = 0x800e3c90
                0x800e4010                applyAndClearAllTimedActions__10dFlagMgr_cFv = 0x800e4010
                0x800e4100                execute__10dFlagMgr_cFv = 0x800e4100
                0x800e42b0                set__10dFlagMgr_cFUcibbbUi = 0x800e42b0
                0x800e4560                findLowestFlagInSet__10dFlagMgr_cFUiUl = 0x800e4560
                0x800e4640                setSpecial__10dFlagMgr_cFUcffUcUiUl = 0x800e4640
                0x800e4680                get8__10dFlagMgr_cFUc = 0x800e4680
                0x800e4690                get108__10dFlagMgr_cFUc = 0x800e4690
                0x800e46a0                get208__10dFlagMgr_cFUc = 0x800e46a0
                0x800e46b0                get248__10dFlagMgr_cFUc = 0x800e46b0
                0x800e46d0                get448__10dFlagMgr_cFUc = 0x800e46d0
                0x8042a358                instance__10dFlagMgr_c = 0x8042a358
                0x8008c2c0                clear__13ActivePhysicsFv = 0x8008c2c0
                0x8008c380                removeFromList__13ActivePhysicsFv = 0x8008c380
                0x8008c330                addToList__13ActivePhysicsFv = 0x8008c330
                0x8008c3e0                initWithStruct__13ActivePhysicsFP8dActor_cPCQ213ActivePhysics4Info = 0x8008c3e0
                0x8008c4f0                bottom__13ActivePhysicsFv = 0x8008c4f0
                0x8042a140                globalListHead__13ActivePhysics = 0x8042a140
                0x8007f7a0                __ct__7PhysicsFv = 0x8007f7a0
                0x8007f810                __dt__7PhysicsFv = 0x8007f810
                0x8007f9b0                baseSetup__7PhysicsFP8dActor_cPvPvPvUcUc = 0x8007f9b0
                0x8007fa40                setup__7PhysicsFP8dActor_cffffPvPvPvUcUcP7Point2d = 0x8007fa40
                0x8007fb10                setup__7PhysicsFP8dActor_cPQ27Physics4InfoUcUcP7Point2d = 0x8007fb10
                0x8042a0c0                globalListHead__7Physics = 0x8042a0c0
                0x8007fd80                setPtrToRotation__7PhysicsFPs = 0x8007fd80
                0x808a2380                spinningPhysicsCallback = 0x808a2380
                0x8007f900                addToList__7PhysicsFv = 0x8007f900
                0x8007f950                removeFromList__7PhysicsFv = 0x8007f950
                0x8007fda0                update__7PhysicsFv = 0x8007fda0
                0x80078520                getTileRendererList__7dBgGm_cFi = 0x80078520
                0x80077520                getPointerToTile__8BgGmBaseFiiiPib = 0x80077520
                0x80077860                placeTile__8BgGmBaseFUsUsii = 0x80077860
                0x80078410                makeSplash__8BgGmBaseFffi = 0x80078410
                0x80014820                add__Q212TileRenderer4ListFP12TileRenderer = 0x80014820
                0x80014860                remove__Q212TileRenderer4ListFP12TileRenderer = 0x80014860
                0x800145b0                __ct__12TileRendererFv = 0x800145b0
                0x800145f0                __dt__12TileRendererFv = 0x800145f0
                0x800146b0                setPosition__12TileRendererFfff = 0x800146b0
                0x800146d0                setVars__12TileRendererFf = 0x800146d0
                0x800d6db0                __ct__21dPlayerModelHandler_cFUc = 0x800d6db0
                0x800d6ee0                loadModel__21dPlayerModelHandler_cFUcii = 0x800d6ee0
                0x800d7030                setSRT__21dPlayerModelHandler_cF7Point3d6S16Vec7Point3d = 0x800d7030
                0x800d70f0                callVF20__21dPlayerModelHandler_cFv = 0x800d70f0
                0x800d7110                draw__21dPlayerModelHandler_cFv = 0x800d7110
                0x800d6f80                update__21dPlayerModelHandler_cFv = 0x800d6f80
                0x800d6fa0                setMatrix__21dPlayerModelHandler_cFPA3_A4_f = 0x800d6fa0
                0x80162e90                _Z15FindActorByType6ActorsP5Actor = 0x80162e90
                0x80162e90                FindActorByType__F6ActorsP5Actor = 0x80162e90
                0x800df270                _Z19RetrieveFileFromArcPvPcS0_ = 0x800df270
                0x8015f870                _Z8OSReportPKcz = 0x8015f870
                0x8015f870                OSReport__FPCce = 0x8015f870
                0x801af710                _Z7OSFatal7GXColorS_PKc = 0x801af710
                0x800e2670                GetSomeSizeRelatedBULLSHIT__Fv = 0x800e2670
                0x800e27e0                CalculateSomethingAboutRatio__Fffff = 0x800e27e0
                0x800e28b0                CalculateSomethingElseAboutRatio__Fv = 0x800e28b0
                0x80169360                DoSomethingCameraRelatedWithEGGScreen__FiPQ23EGG6Screen = 0x80169360
                0x8042a3cc                GlobalScreenWidth = 0x8042a3cc
                0x8042a3d0                GlobalScreenHeight = 0x8042a3d0
                0x8042b1e8                currentScreenSizeID = 0x8042b1e8
                0x80350820                ScreenSizesAndMultipliers = 0x80350820
                0x802c6dd0                setOrtho__Q23EGG7FrustumFffffff = 0x802c6dd0
                0x802d0fb0                __ct__Q23EGG6ScreenFv = 0x802d0fb0
                0x802d0d90                __dt__Q23EGG6ScreenFv = 0x802d0d90
                0x803503b8                __vt__Q23EGG12LookAtCamera = 0x803503b8
                0x802beb70                assignToNW4RCamera__Q23EGG12LookAtCameraFRQ34nw4r3g3d6Camera = 0x802beb70
                0x802bf6c0                __ct__Q23EGG12ProjectOrthoFv = 0x802bf6c0
                0x802bf710                setVolume__Q23EGG12ProjectOrthoFffff = 0x802bf710
                0x80164c60                GetCameraByID__Fi = 0x80164c60
                0x80164c80                GetCurrentCameraID__Fv = 0x80164c80
                0x80164c90                SetCurrentCameraID__Fi = 0x80164c90
                0x80164d50                LinkScene__Fi = 0x80164d50
                0x80164cd0                UnlinkScene__Fi = 0x80164cd0
                0x80164e10                SceneCalcWorld__Fi = 0x80164e10
                0x80164ea0                SceneCameraStuff__Fi = 0x80164ea0
                0x80164e90                CalcMaterial__Fv = 0x80164e90
                0x80164f70                DrawOpa__Fv = 0x80164f70
                0x80164f80                DrawXlu__Fv = 0x80164f80
                0x802d3270                ChangeAlphaUpdate__Fb = 0x802d3270
                0x802d3210                ChangeColorUpdate__Fb = 0x802d3210
                0x8006cae0                DoSpecialDrawing1__Fv = 0x8006cae0
                0x8006cb40                DoSpecialDrawing2__Fv = 0x8006cb40
                0x80163360                SetupLYTDrawing__Fv = 0x80163360
                0x801632b0                ClearLayoutDrawList__Fv = 0x801632b0
                0x800067a0                RenderAllLayouts__Fv = 0x800067a0
                0x80163440                DrawAllLayoutsBeforeX__Fi = 0x80163440
                0x801634d0                DrawAllLayoutsAfterX__Fi = 0x801634d0
                0x80163560                DrawAllLayoutsAfterXandBeforeY__Fii = 0x80163560
                0x80007300                findPaneByName__Q23m2d17EmbedLayoutBase_cCFPCc = 0x80007300
                0x80007320                findTextBoxByName__Q23m2d17EmbedLayoutBase_cCFPCc = 0x80007320
                0x800073d0                findPictureByName__Q23m2d17EmbedLayoutBase_cCFPCc = 0x800073d0
                0x80007470                findWindowByName__Q23m2d17EmbedLayoutBase_cCFPCc = 0x80007470
                0x800c89a0                __ct__Q23m2d13EmbedLayout_cFv = 0x800c89a0
                0x800c89f0                __dt__Q23m2d13EmbedLayout_cFv = 0x800c89f0
                0x800c8d00                loadArc__Q23m2d13EmbedLayout_cFPCcb = 0x800c8d00
                0x800c8e50                getPanes__Q23m2d13EmbedLayout_cCFPPCcPPQ34nw4r3lyt4Panei = 0x800c8e50
                0x800c8ec0                getWindows__Q23m2d13EmbedLayout_cCFPPCcPPQ34nw4r3lyt6Windowi = 0x800c8ec0
                0x800c8f30                getPictures__Q23m2d13EmbedLayout_cCFPPCcPPQ34nw4r3lyt7Picturei = 0x800c8f30
                0x800c8fa0                getTextBoxes__Q23m2d13EmbedLayout_cCFPPCcPPQ34nw4r3lyt7TextBoxi = 0x800c8fa0
                0x800c9010                setLangStrings__Q23m2d13EmbedLayout_cFPPCcPCiii = 0x800c9010
                0x800c90a0                loadAnimations__Q23m2d13EmbedLayout_cFPPCci = 0x800c90a0
                0x800c91e0                loadGroups__Q23m2d13EmbedLayout_cFPPCcPCii = 0x800c91e0
                0x800c93e0                enableNonLoopAnim__Q23m2d13EmbedLayout_cFib = 0x800c93e0
                0x800c9470                enableLoopAnim__Q23m2d13EmbedLayout_cFi = 0x800c9470
                0x800c94c0                resetAnim__Q23m2d13EmbedLayout_cFib = 0x800c94c0
                0x800c95f0                disableAllAnimations__Q23m2d13EmbedLayout_cFv = 0x800c95f0
                0x800c9700                isAnimOn__Q23m2d13EmbedLayout_cFi = 0x800c9700
                0x800c9730                isAnyAnimOn__Q23m2d13EmbedLayout_cFv = 0x800c9730
                0x800c9a20                free__Q23m2d13EmbedLayout_cFv = 0x800c9a20
                0x800c9650                execAnimations__Q23m2d13EmbedLayout_cFv = 0x800c9650
                0x801637a0                attachArc__Q23m2d8ResAcc_cFPvPCc = 0x801637a0
                0x80163920                setSpeed__Q23m2d11FrameCtrl_cFf = 0x80163920
                0x80163990                scheduleForDrawing__Q23m2d6Base_cFv = 0x80163990
                0x80093f10                RenderEffects__Fii = 0x80093f10
                0x80164fb0                RemoveAllFromScnRoot__Fv = 0x80164fb0
                0x80165000                Reset3DState__Fv = 0x80165000
                0x8024d710                GetRenderModeObj__Q34nw4r3g3d8G3DStateFv = 0x8024d710
                0x80253910                __ct__Q34nw4r3g3d6CameraFPQ34nw4r3g3d10CameraData = 0x80253910
                0x80253db0                SetOrtho__Q34nw4r3g3d6CameraFffffff = 0x80253db0
                0x80253d70                SetPerspective__Q34nw4r3g3d6CameraFffff = 0x80253d70
                0x80253f60                SetViewportJitter__Q34nw4r3g3d6CameraFUi = 0x80253f60
                0x80253b00                SetPosture__Q34nw4r3g3d6CameraFRCQ44nw4r3g3d6Camera11PostureInfo = 0x80253b00
                0x80253a90                SetPosition__Q34nw4r3g3d6CameraFRC7Point3d = 0x80253a90
                0x80253d20                SetCameraMtxDirectly__Q34nw4r3g3d6CameraFRA3_A4_Cf = 0x80253d20
                0x802541f0                GetCameraMtx__Q34nw4r3g3d6CameraCFPA3_A4_f = 0x802541f0
                0x8023a9a0                CheckRevision__Q34nw4r3g3d7ResFileCFv = 0x8023a9a0
                0x8023a6d0                Init__Q34nw4r3g3d7ResFileFv = 0x8023a6d0
                0x8023a490                Bind__Q34nw4r3g3d7ResFileFQ34nw4r3g3d7ResFile = 0x8023a490
                0x80239f70                GetResMdl__Q34nw4r3g3d7ResFileCFPCc = 0x80239f70
                0x8023a060                GetResTex__Q34nw4r3g3d7ResFileCFPCc = 0x8023a060
                0x8042a6a8                g3dMemAllocator__Q24nw4r3g3d = 0x8042a6a8
                0x8025cb60                __ScnMdl__Construct__Q24nw4r3g3dFPvPUiPvUii = 0x8025cb60
                0x8025a4c0                __ScnMdlSimple__Construct__Q24nw4r3g3dFPvPUiPvi = 0x8025a4c0
                0x80164f90                InsertIntoScene__Q24nw4r3g3dFPv = 0x80164f90
                0x8023b8a0                GetResMat__Q34nw4r3g3d6ResMdlCFPCc = 0x8023b8a0
                0x8023b340                GetResNode__Q34nw4r3g3d6ResMdlCFPCc = 0x8023b340
                0x80165090                DisableIndirectTexturing__3m3dFv = 0x80165090
                0x802c7f60                InitTexObjWithResTex__3m3dFP9_GXTexObjPvUiUiUiUi = 0x802c7f60
                0x80165110                setup__Q23m3d6proc_cFPvPUi = 0x80165110
                0x8000f720                returnUnknown__Q23m3d6proc_cFv = 0x8000f720
                0x8016a150                __ct__Q23m3d9scnLeaf_cFv = 0x8016a150
                0x8016a170                __dt__Q23m3d9scnLeaf_cFv = 0x8016a170
                0x8016a1d0                free__Q23m3d9scnLeaf_cFv = 0x8016a1d0
                0x8016a220                scheduleForDrawing__Q23m3d9scnLeaf_cFv = 0x8016a220
                0x8016a2d0                getViewMatrix__Q23m3d9scnLeaf_cFPA3_A4_f = 0x8016a2d0
                0x80329984                __vt__Q23m3d5mdl_c = 0x80329984
                0x80169e10                __ct__Q23m3d5mdl_cFv = 0x80169e10
                0x80169e60                __dt__Q23m3d5mdl_cFv = 0x80169e60
                0x80169ed0                setup__Q23m3d5mdl_cFQ34nw4r3g3d6ResMdlPvUiiPUi = 0x80169ed0
                0x80064c10                oneSetupType__Q23m3d5mdl_cFv = 0x80064c10
                0x80064bf0                sub_80064BF0__Q23m3d5mdl_cFv = 0x80064bf0
                0x8016a2b0                setDrawMatrix__Q23m3d5mdl_cFPA3_A4_Cf = 0x8016a2b0
                0x8016a270                setScale__Q23m3d5mdl_cFfff = 0x8016a270
                0x8016a290                setScale__Q23m3d5mdl_cFP7Point3d = 0x8016a290
                0x8016a2e0                calcWorld__Q23m3d5mdl_cFb = 0x8016a2e0
                0x8016a0c0                bindAnim__Q23m3d5mdl_cFPQ23m3d6banm_cf = 0x8016a0c0
                0x8016a080                vf1C__Q3m3d5mdl_cFv = 0x8016a080
                0x801682c0                getMatrixForNode__Q23m3d5mdl_cFUiPA3_A4_f = 0x801682c0
                0x8000d190                SetCullModeForMaterial__FPQ23m3d5mdl_ciUi = 0x8000d190
                0x800b3e50                SetupTextures_Player__FPQ23m3d5mdl_ci = 0x800b3e50
                0x800b3f50                SetupTextures_Map__FPQ23m3d5mdl_ci = 0x800b3f50
                0x800b4050                SetupTextures_Boss__FPQ23m3d5mdl_ci = 0x800b4050
                0x800b4170                SetupTextures_Enemy__FPQ23m3d5mdl_ci = 0x800b4170
                0x800b42b0                SetupTextures_MapObj__FPQ23m3d5mdl_ci = 0x800b42b0
                0x800b43d0                SetupTextures_Item__FPQ23m3d5mdl_ci = 0x800b43d0
                0x80069020                __ct__16mHeapAllocator_cFv = 0x80069020
                0x80069060                __dt__16mHeapAllocator_cFv = 0x80069060
                0x800690c0                link__16mHeapAllocator_cFiPvPCci = 0x800690c0
                0x800690e0                unlink__16mHeapAllocator_cFv = 0x800690e0
                0x802c0d20                __ct__10mTexture_cFv = 0x802c0d20
                0x802c0d70                __ct__10mTexture_cFUsUsUi = 0x802c0d70
                0x802c0db0                __dt__10mTexture_cFv = 0x802c0db0
                0x802c0e50                load__10mTexture_cFUi = 0x802c0e50
                0x802c0f10                flushDC__10mTexture_cFv = 0x802c0f10
                0x802c1120                makeLinearGradient__10mTexture_cFicUsUs8_GXColor8_GXColorb = 0x802c1120
                0x802c14d0                allocateBuffer__10mTexture_cFPv = 0x802c14d0
                0x802c1570                plotPixel__10mTexture_cFUsUs8_GXColor = 0x802c1570
                0x8022d430                SetFontSize__Q34nw4r2ut10CharWriterFff = 0x8022d430
                0x802308c0                __ct__Q34nw4r2ut10TextWriterFv = 0x802308c0
                0x80230920                __dt__Q34nw4r2ut10TextWriterFv = 0x80230920
                0x80231210                CalcStringWidth__Q34nw4r2ut10TextWriterCFPCwi = 0x80231210
                0x80377f48                GameHeaps = 0x80377f48
                0x8042a0d0                BGDatClass = 0x8042a0d0
                0x8042a0d0                instance__10BGDatClass = 0x8042a0d0
                0x800813f0                GetTilesetName__FPvii = 0x800813f0
                0x80083560                OriginalTilesetLoadingThing = 0x80083560
                0x800813f0                getTilesetName__10BGDatClassFii = 0x800813f0
                0x80083b40                getPointerToTile__12TilemapClassFiiPUib = 0x80083b40
                0x80085e80                randomiseNormalTerrain__FP12TilemapClassP8BGRenderi = 0x80085e80
                0x80085ff0                randomiseSubTerrain__FP12TilemapClassP8BGRenderi = 0x80085ff0
                0x80086160                randomiseNohara__FP12TilemapClassP8BGRenderi = 0x80086160
                0x800861c0                randomiseSabaku__FP12TilemapClassP8BGRenderi = 0x800861c0
                0x800861d0                randomiseGake__FP12TilemapClassP8BGRenderi = 0x800861d0
                0x80086370                randomiseKaigan__FP12TilemapClassP8BGRenderi = 0x80086370
                0x800866b0                randomiseDoukutu__FP12TilemapClassP8BGRenderi = 0x800866b0
                0x800866c0                randomiseShiroBoss1__FP12TilemapClassP8BGRenderi = 0x800866c0
                0x80086750                randomiseObake__FP12TilemapClassP8BGRenderi = 0x80086750
                0x80086760                randomiseObakeSoto__FP12TilemapClassP8BGRenderi = 0x80086760
                0x800868e0                randomiseKoriChika__FP12TilemapClassP8BGRenderi = 0x800868e0
                0x80086a60                randomisePa2Kori__FP12TilemapClassP8BGRenderi = 0x80086a60
                0x800b5500                IsWideScreen__Fv = 0x800b5500
                0x80355150                Player_Active = 0x80355150
                0x80355160                Player_ID = 0x80355160
                0x80355170                Player_Powerup = 0x80355170
                0x80355180                Player_Flags = 0x80355180
                0x80355190                Player_Lives = 0x80355190
                0x803551a0                Player_Coins = 0x803551a0
                0x80162a00                AllocateMemoryBlock = 0x80162a00
                0x800df5d0                EnsureAllArcsAreLoaded = 0x800df5d0
                0x8002ac00                FindRotationController = 0x8002ac00
                0x801018c0                GetObjectName = 0x801018c0
                0x801626d0                GetObjectParent = 0x801626d0
                0x8015f870                OSReport = 0x8015f870
                0x8042a4a8                StagePtr = 0x8042a4a8
                0x80162c40                _Z20CreateParentedObjectsPvic = 0x80162c40
                0x800b53f0                _Z47CheckIfMenuShouldBeCancelledForSpecifiedWiimotei = 0x800b53f0
                0x801018e0                _Z21StartTitleScreenStagebi = 0x801018e0
                0x8006cba0                _Z17CreateChildObjectsPviii = 0x8006cba0
                0x80162c40                CreateParentedObject__FsPvic = 0x80162c40
                0x800b53f0                CheckIfMenuShouldBeCancelledForSpecifiedWiimote__Fi = 0x800b53f0
                0x801018e0                StartTitleScreenStage__Fbi = 0x801018e0
                0x8006cba0                CreateChildObject__FsPviii = 0x8006cba0
                0x80162c40                ObjCreate1 = 0x80162c40
                0x80162c60                ObjCreate2 = 0x80162c60
                0x800b0fd0                RestoreObjectState = 0x800b0fd0
                0x800df930                QueueArcLoad = 0x800df930
                0x800df270                RetrieveFileFromArc = 0x800df270
                0x800df4b0                RetrieveFileFromArcAlt = 0x800df4b0
                0x80064610                SpawnSprite = 0x80064610
                0x800b1100                StoreObjectState = 0x800b1100
                0x800e4b20                TriggerEventFlag = 0x800e4b20
                0x800e0540                _ZN8SaveFile14CheckIfWritingEv = 0x800e0540
                0x8092f5f0                _Z8SaveGamePvb = 0x8092f5f0
                0x800e0540                CheckIfWriting__8SaveFileFv = 0x800e0540
                0x8092f5f0                SaveGame__FPvb = 0x8092f5f0
                0x8006a6f0                _Z9DVD_Startv = 0x8006a6f0
                0x800df5d0                _Z16DVD_StillLoadingPv = 0x800df5d0
                0x8006a760                _Z7DVD_Endv = 0x8006a760
                0x8006a6f0                DVD_Start__Fv = 0x8006a6f0
                0x800df930                DVD_LoadFile__FPvPcPcPv = 0x800df930
                0x800df220                DVD_FreeFile__FPvPc = 0x800df220
                0x800df5d0                DVD_StillLoading__FPv = 0x800df5d0
                0x8006a760                DVD_End__Fv = 0x8006a760
                0x800df270                DVD_GetFile__FPvPCcPCc = 0x800df270
                0x800df2d0                DVD_GetFile__FPvPCcPCcPUi = 0x800df2d0
                0x8008f140                __ct__12dDvdLoader_cFv = 0x8008f140
                0x8008f170                __dt__12dDvdLoader_cFv = 0x8008f170
                0x8008f1b0                load__12dDvdLoader_cFPCcUcPv = 0x8008f1b0
                0x8008f310                unload__12dDvdLoader_cFv = 0x8008f310
                0x80377de4                SZSDecompClass = 0x80377de4
                0x80377df0                LZDecompClass = 0x80377df0
                0x80377dfc                LHDecompClass = 0x80377dfc
                0x80377e08                LRCDecompClass = 0x80377e08
                0x80377e14                RLDecompClass = 0x80377e14
[...]
                0x000a5d8c                .dwarf.0007.GlobalTickCount
                0x000a5dc9                .dwarf.0007.__vt__Q23m3d11anmTexSrt_c
                0x000a5e12                .dwarf.0007.__vt__Q23m3d6banm_c
                0x000a5e43                .dwarf.0007.GlobalScreenHeight
                0x000a5e71                .dwarf.0007.GlobalScreenWidth
                0x000a5ec0                .dwarf.0007.ScreenSizesAndMultipliers
                0x000a5ef7                .dwarf.0007.currentScreenSizeID
                0x000a5f38                .dwarf.0007.__vt__Q23EGG12LookAtCamera
                0x000a5f82                .dwarf.0007.__vt__Q23mEf3es2
                0x000a5fc2                .dwarf.0007.__vt__Q23mEf8effect_c
                0x000a6043                .dwarf.0002.SaveHandler::SaveHandler
                0x000a6110                .dwarf.0007.SaveHandlerInstance
                0x000a6164                .dwarf.0007.Player_Lives
                0x000a6219                .dwarf.0002.GMgr8::GMgr8
                0x000a64bb                .dwarf.0013.GMgrA0::GMgrA0
                0x000a67df                .dwarf.0002.GameMgr::GameMgr
                0x000a70a2                .dwarf.0007.GameMgrP
                0x000a70eb                .dwarf.0007.Player_Flags
                0x000a7135                .dwarf.0007.Player_Active
                0x000a7180                .dwarf.0007.Player_Powerup
                0x000a71ac                .dwarf.0007.mNoState__12dStateBase_c
                0x000a71ed                .dwarf.0007.ArchiveHeap
                0x000a74b4                .dwarf.0002.dState_c<12daKameckDemo>::dState_c
                0x000a75a5                .dwarf.0007.StateID_DemoSt2__12daKameckDemo
                0x000a75f4                .dwarf.0007.StateID_DemoSt__12daKameckDemo
                0x000a7641                .dwarf.0007.StateID_DemoWait__12daKameckDemo
                0x000a7760                .dwarf.0002.dStage32C_c::dStage32C_c
                0x000a7ba9                .dwarf.0007.instance__11dStage32C_c
                0x000a7bec                .dwarf.0007.ActiveWiimote
                0x000a7ca0                .dwarf.0013.Remocon::Remocon
                0x000a8201                .dwarf.0013.RemoconMngClass::RemoconMngClass
                0x000a827c                .dwarf.0007.RemoconMng
                0x000a82a7                .dwarf.0007.ActiveWiimoteID
                0x000a82e2                .dwarf.0007.CurrentDrawFunc
                0x000a86fa                .dwarf.0002.dFlagMgr_c::dFlagMgr_c
                0x000a88cd                .dwarf.0007.instance__10dFlagMgr_c
                0x000a8baf                .dwarf.0002.dState_c<15daEnBlockMain_c>::dState_c
                0x000a8ca0                .dwarf.0007.StateID_DownMove__15daEnBlockMain_c
                0x000a8cf4                .dwarf.0007.StateID_UpMove__15daEnBlockMain_c
                0x000a8d56                .dwarf.0007.__vt__15daEnBlockMain_c
                0x000a8d8b                .dwarf.0007.PhysicsCallback3__15daEnBlockMain_c
                0x000a8ddd                .dwarf.0007.PhysicsCallback2__15daEnBlockMain_c
                0x000a8e2f                .dwarf.0007.PhysicsCallback1__15daEnBlockMain_c
                0x000a8e81                .dwarf.0007.OPhysicsCallback3__15daEnBlockMain_c
                0x000a8ed5                .dwarf.0007.OPhysicsCallback2__15daEnBlockMain_c
                0x000a8f29                .dwarf.0007.OPhysicsCallback1__15daEnBlockMain_c
                0x000a8f8f                .dwarf.0007.__vt__Q23m3d8anmChr_c
                0x000a8fc2                .dwarf.0007.DontShowPreGame
                0x000a8fed                .dwarf.0007.RESTART_CRSIN_LevelStartStruct
                0x000a9029                .dwarf.0007.StateID_Thank__24daEnBossKoopaDemoPeach_c
                0x000a9080                .dwarf.0007.StateID_Rescue__24daEnBossKoopaDemoPeach_c
                0x000a90d9                .dwarf.0007.StateID_Open__24daEnBossKoopaDemoPeach_c
                0x000a912e                .dwarf.0007._8042A788
                0x000a9153                .dwarf.0007.StateID_Turn__24daEnBossKoopaDemoPeach_c
                0x000a91f6                .dwarf.0002.BalloonRelatedClass::BalloonRelatedClass
                0x000a928a                .dwarf.0007.instance__19BalloonRelatedClass
                0x000a9343                .dwarf.0002.dStageActorMgr_c::dStageActorMgr_c
                0x000a95b3                .dwarf.0007.instance__16dStageActorMgr_c
                0x000a967d                .dwarf.0002.WLClass::WLClass
                0x000a9750                .dwarf.0007.instance__7WLClass
                0x000a9859                .dwarf.0002.StageE4::StageE4
                0x000a98f2                .dwarf.0007.instance__7StageE4
                0x000a9942                .dwarf.0007.__vt__12daBossDemo_c
                0x000a9974                .dwarf.0007.DanceValues_CreditsControl
                0x000a99aa                .dwarf.0007.DanceValues_Bahps
                0x000a99d7                .dwarf.0007.DanceValues_DummyBlockAndGrass
                0x000a9a11                .dwarf.0007.DanceValues_AnimSpeed
                0x000a9a70                .dwarf.0002.Stage80::Stage80
                0x000a9d8b                .dwarf.0007.instance__7Stage80
                0x000a9dc9                .dwarf.0007.instance__19ClassWithCameraInfo
                0x000a9e14                .dwarf.0007.SaveFileInstance
                0x000a9e65                .dwarf.0007.Player_ID
                0x000a9e8c                .dwarf.0007.lockedPlayerRotation
                0x000a9ebc                .dwarf.0007.CameraLockEnabled
                0x000aa046                .dwarf.0002.dCourseFull_c::dCourseFull_c
                0x000aa0d7                .dwarf.0007.instance__13dCourseFull_c
                0x000aa11c                .dwarf.0007.StagePtr
                0x000aa140                .dwarf.0007.SoundRelatedClass
                0x000aa16d                .dwarf.0007.CameraLockPosition
                0x000aa1cb                .dwarf.0013.BgGmBase::something_s::something_s
                0x000aa2f3                .dwarf.0013.BgGmBase::limitLineEntry_s::limitLineEntry_s
                0x000aa639                .dwarf.0013.BgGmBase::beets_s::beets_s
                0x000aa890                .dwarf.0002.BgGmBase::BgGmBase
                0x000aab07                .dwarf.0002.dBgGm_c::dBgGm_c
                0x000aab71                .dwarf.0007.instance__7dBgGm_c
                0x000aabaf                .dwarf.0007.DVDClass
                0x000aabd3                .dwarf.0007.isLockPlayerRotation
                0x000aac03                .dwarf.0007.globalListHead__13BasicCollider
                0x000aac54                .dwarf.0007.globalListHead__7Physics
                0x000aaccc                .dwarf.0017._wgpipe::_wgpipe
                0x000aaddf                .dwarf.0007.wgPipe
                0x000aae03                .dwarf.0007.globalListHead__13ActivePhysics
                0x000aae74                .dwarf.0007.GameHeaps
                0x000aaf0f                .dwarf.0006.sqrtf__Ff
                0x000aafcd                .dwarf.0006.__dt__Q34nw4r3snd11SoundHandleFv
                0x000ab043                .dwarf.0006.executeNextStateThisTick__36dStateWrapperBase_c<13dActorState_c>Fv
                0x000ab0f1                .dwarf.0006.setState__36dStateWrapperBase_c<13dActorState_c>FP12dStateBase_c
                0x000ab1bd                .dwarf.0006.getCurrentState__33dStateWrapperBase_c<10daPlBase_c>Fv
                0x000ab25f                .dwarf.0006.__ct__Q34nw4r3snd11SoundHandleFv
                0x000ab2d5                .dwarf.0006.__dt__33dStateWrapper_c<14dScKoopatlas_c>Fv
                0x000ab356                .dwarf.0006.__dt__37dStateWrapperBase_c<14dScKoopatlas_c>Fv
                0x000ab3db                .dwarf.0006.setState__37dStateWrapperBase_c<14dScKoopatlas_c>FP12dStateBase_c
                0x000ab4a8                .dwarf.0006.getCurrentState__37dStateWrapperBase_c<14dScKoopatlas_c>Fv
                0x000ab54e                .dwarf.0006.execute__37dStateWrapperBase_c<14dScKoopatlas_c>Fv
                0x000ab5db                .dwarf.0006.__dt__27dStateWrapper_c<9dWMShop_c>Fv
                0x000ab656                .dwarf.0006.__dt__31dStateWrapperBase_c<9dWMShop_c>Fv
                0x000ab6d5                .dwarf.0006.execute__31dStateWrapperBase_c<9dWMShop_c>Fv
                0x000ab75c                .dwarf.0006.setState__31dStateWrapperBase_c<9dWMShop_c>FP12dStateBase_c
                0x000ab823                .dwarf.0006.__dt__32dStateWrapper_c<13dWMStarCoin_c>Fv
                0x000ab8a3                .dwarf.0006.__dt__36dStateWrapperBase_c<13dWMStarCoin_c>Fv
                0x000ab927                .dwarf.0006.setState__36dStateWrapperBase_c<13dWMStarCoin_c>FP12dStateBase_c
                0x000ab9f3                .dwarf.0006.getCurrentState__36dStateWrapperBase_c<13dWMStarCoin_c>Fv
                0x000aba98                .dwarf.0006.execute__36dStateWrapperBase_c<13dWMStarCoin_c>Fv
                0x000abb24                .dwarf.0006.__dt__35dStateWrapper_c<16dMsgBoxManager_c>Fv
                0x000abba7                .dwarf.0006.__dt__39dStateWrapperBase_c<16dMsgBoxManager_c>Fv
                0x000abc2e                .dwarf.0006.execute__39dStateWrapperBase_c<16dMsgBoxManager_c>Fv
                0x000abcbd                .dwarf.0006.setState__39dStateWrapperBase_c<16dMsgBoxManager_c>FP12dStateBase_c
                0x000abd8c                .dwarf.0006.__dt__29dStateWrapper_c<10dSingAlong>Fv
                0x000abe09                .dwarf.0006.__dt__33dStateWrapperBase_c<10dSingAlong>Fv
                0x000abe8a                .dwarf.0006.setState__33dStateWrapperBase_c<10dSingAlong>FP12dStateBase_c
                0x000abf53                .dwarf.0006.execute__33dStateWrapperBase_c<10dSingAlong>Fv
                0x000abfdc                .dwarf.0006.getPreviousState__31dStateWrapperBase_c<9dWMShop_c>Fv
                0x000ac07e                .dwarf.0006.getCurrentState__31dStateWrapperBase_c<9dWMShop_c>Fv
                0x000ac11e                .dwarf.0006.getNextState__31dStateWrapperBase_c<9dWMShop_c>Fv
                0x000ac1b8                .dwarf.0006.getCurrentStateMethodExecutor__31dStateWrapperBase_c<9dWMShop_c>Fv
                0x000ac274                .dwarf.0006.executeNextStateThisTick__31dStateWrapperBase_c<9dWMShop_c>Fv
                0x000ac31d                .dwarf.0006.endCurrentState__31dStateWrapperBase_c<9dWMShop_c>Fv
                0x000ac3b4                .dwarf.0006.ensureStateHasBegun__31dStateWrapperBase_c<9dWMShop_c>Fv
                0x000ac453                .dwarf.0006.getPreviousState__36dStateWrapperBase_c<13dWMStarCoin_c>Fv
                0x000ac4fa                .dwarf.0006.getNextState__36dStateWrapperBase_c<13dWMStarCoin_c>Fv
                0x000ac599                .dwarf.0006.getCurrentStateMethodExecutor__36dStateWrapperBase_c<13dWMStarCoin_c>Fv
                0x000ac65a                .dwarf.0006.executeNextStateThisTick__36dStateWrapperBase_c<13dWMStarCoin_c>Fv
                0x000ac708                .dwarf.0006.endCurrentState__36dStateWrapperBase_c<13dWMStarCoin_c>Fv
                0x000ac7a4                .dwarf.0006.ensureStateHasBegun__36dStateWrapperBase_c<13dWMStarCoin_c>Fv
                0x000ac848                .dwarf.0006.getPreviousState__37dStateWrapperBase_c<14dScKoopatlas_c>Fv
                0x000ac8f0                .dwarf.0006.getNextState__37dStateWrapperBase_c<14dScKoopatlas_c>Fv
                0x000ac990                .dwarf.0006.getCurrentStateMethodExecutor__37dStateWrapperBase_c<14dScKoopatlas_c>Fv
                0x000aca52                .dwarf.0006.executeNextStateThisTick__37dStateWrapperBase_c<14dScKoopatlas_c>Fv
                0x000acb01                .dwarf.0006.endCurrentState__37dStateWrapperBase_c<14dScKoopatlas_c>Fv
                0x000acb9e                .dwarf.0006.ensureStateHasBegun__37dStateWrapperBase_c<14dScKoopatlas_c>Fv
                0x000acc43                .dwarf.0006.getPreviousState__39dStateWrapperBase_c<16dMsgBoxManager_c>Fv
                0x000acced                .dwarf.0006.getCurrentState__39dStateWrapperBase_c<16dMsgBoxManager_c>Fv
                0x000acd95                .dwarf.0006.getNextState__39dStateWrapperBase_c<16dMsgBoxManager_c>Fv
                0x000ace37                .dwarf.0006.getCurrentStateMethodExecutor__39dStateWrapperBase_c<16dMsgBoxManager_c>Fv
                0x000acefb                .dwarf.0006.executeNextStateThisTick__39dStateWrapperBase_c<16dMsgBoxManager_c>Fv
                0x000acfac                .dwarf.0006.endCurrentState__39dStateWrapperBase_c<16dMsgBoxManager_c>Fv
                0x000ad04b                .dwarf.0006.ensureStateHasBegun__39dStateWrapperBase_c<16dMsgBoxManager_c>Fv
                0x000ad0f2                .dwarf.0006.getPreviousState__33dStateWrapperBase_c<10dSingAlong>Fv
                0x000ad196                .dwarf.0006.getCurrentState__33dStateWrapperBase_c<10dSingAlong>Fv
                0x000ad238                .dwarf.0006.getNextState__33dStateWrapperBase_c<10dSingAlong>Fv
                0x000ad2d4                .dwarf.0006.getCurrentStateMethodExecutor__33dStateWrapperBase_c<10dSingAlong>Fv
                0x000ad392                .dwarf.0006.executeNextStateThisTick__33dStateWrapperBase_c<10dSingAlong>Fv
                0x000ad43d                .dwarf.0006.endCurrentState__33dStateWrapperBase_c<10dSingAlong>Fv
                0x000ad4d6                .dwarf.0006.ensureStateHasBegun__33dStateWrapperBase_c<10dSingAlong>Fv
                0x000ad577                .dwarf.0006.beginSomething__12daBossDemo_cFv
                0x000ad5c9                .dwarf.0006.endSomething__12daBossDemo_cFv
                0x000ad617                .dwarf.0006.getIdOfOtherActor__12daBossDemo_cFv
                0x000ad69d                .dwarf.0006.setIdOfOtherActor__12daBossDemo_cFi
                0x000ad73d                .dwarf.0006.vf128__12daBossDemo_cFv
                0x000ad781                .dwarf.0006.justReturnField3D4_decidesIfEndBattle__12daBossDemo_cFv
                0x000ad82f                .dwarf.0006.vf130__12daBossDemo_cFv
                0x000ad873                .dwarf.0006.getActorPointerForSomething__12daBossDemo_cFv
                0x000ad959                .dwarf.0006.executeNextStateThisTick__15dStateMgrBase_cFv
                0x000ad9ec                .dwarf.0006.getCurrentState__15dStateMgrBase_cFv
                0x000ada76                .dwarf.0006.__dt__11dStateMgr_cFv
                0x000adae1                .dwarf.0006.__dt__34dStateExecutor_c<14dScKoopatlas_c>Fv
                0x000adb63                .dwarf.0006.__dt__40dStateMethodExecutor_c<14dScKoopatlas_c>Fv
                0x000adbeb                .dwarf.0006.__dt__26dStateMethodExecutorBase_cFv
                0x000adc65                .dwarf.0006.__dt__20dStateExecutorBase_cFv
                0x000adcd9                .dwarf.0006.__dt__17dStatePointless_cFv
                0x000add4a                .dwarf.0006.__dt__28dStateExecutor_c<9dWMShop_c>Fv
                0x000addc6                .dwarf.0006.__dt__34dStateMethodExecutor_c<9dWMShop_c>Fv
                0x000ade48                .dwarf.0006.__dt__33dStateExecutor_c<13dWMStarCoin_c>Fv
                0x000adec9                .dwarf.0006.__dt__39dStateMethodExecutor_c<13dWMStarCoin_c>Fv
                0x000adf50                .dwarf.0006.__dt__36dStateExecutor_c<16dMsgBoxManager_c>Fv
                0x000adfd4                .dwarf.0006.__dt__42dStateMethodExecutor_c<16dMsgBoxManager_c>Fv
                0x000ae05e                .dwarf.0006.__dt__30dStateExecutor_c<10dSingAlong>Fv
                0x000ae0dc                .dwarf.0006.__dt__36dStateMethodExecutor_c<10dSingAlong>Fv
                0x000ae160                .dwarf.0006.callEnd__34dStateMethodExecutor_c<9dWMShop_c>Fv
                0x000ae1e4                .dwarf.0006.callExecute__34dStateMethodExecutor_c<9dWMShop_c>Fv
                0x000ae270                .dwarf.0006.callBegin__34dStateMethodExecutor_c<9dWMShop_c>Fv
                0x000ae2f8                .dwarf.0006.callEnd__39dStateMethodExecutor_c<13dWMStarCoin_c>Fv
                0x000ae381                .dwarf.0006.callExecute__39dStateMethodExecutor_c<13dWMStarCoin_c>Fv
                0x000ae412                .dwarf.0006.callBegin__39dStateMethodExecutor_c<13dWMStarCoin_c>Fv
                0x000ae49f                .dwarf.0006.callEnd__40dStateMethodExecutor_c<14dScKoopatlas_c>Fv
                0x000ae529                .dwarf.0006.callExecute__40dStateMethodExecutor_c<14dScKoopatlas_c>Fv
                0x000ae5bb                .dwarf.0006.callBegin__40dStateMethodExecutor_c<14dScKoopatlas_c>Fv
                0x000ae649                .dwarf.0006.callEnd__42dStateMethodExecutor_c<16dMsgBoxManager_c>Fv
                0x000ae6d5                .dwarf.0006.callExecute__42dStateMethodExecutor_c<16dMsgBoxManager_c>Fv
                0x000ae769                .dwarf.0006.callBegin__42dStateMethodExecutor_c<16dMsgBoxManager_c>Fv
                0x000ae7f9                .dwarf.0006.callEnd__36dStateMethodExecutor_c<10dSingAlong>Fv
                0x000ae87f                .dwarf.0006.callExecute__36dStateMethodExecutor_c<10dSingAlong>Fv
                0x000ae90d                .dwarf.0006.callBegin__36dStateMethodExecutor_c<10dSingAlong>Fv
                0x000ae997                .dwarf.0006.clearMethodExecutor__28dStateExecutor_c<9dWMShop_c>FPP26dStateMethodExecutorBase_c
                0x000aea58                .dwarf.0006.getMethodExecutorForState__28dStateExecutor_c<9dWMShop_c>FP12dStateBase_c
                0x000aeb37                .dwarf.0006.clearMethodExecutor__33dStateExecutor_c<13dWMStarCoin_c>FPP26dStateMethodExecutorBase_c
                0x000aebfd                .dwarf.0006.getMethodExecutorForState__33dStateExecutor_c<13dWMStarCoin_c>FP12dStateBase_c
                0x000aece1                .dwarf.0006.clearMethodExecutor__34dStateExecutor_c<14dScKoopatlas_c>FPP26dStateMethodExecutorBase_c
                0x000aeda8                .dwarf.0006.getMethodExecutorForState__34dStateExecutor_c<14dScKoopatlas_c>FP12dStateBase_c
                0x000aee8d                .dwarf.0006.clearMethodExecutor__36dStateExecutor_c<16dMsgBoxManager_c>FPP26dStateMethodExecutorBase_c
                0x000aef56                .dwarf.0006.getMethodExecutorForState__36dStateExecutor_c<16dMsgBoxManager_c>FP12dStateBase_c
                0x000af03d                .dwarf.0006.clearMethodExecutor__30dStateExecutor_c<10dSingAlong>FPP26dStateMethodExecutorBase_c
                0x000af100                .dwarf.0006.getMethodExecutorForState__30dStateExecutor_c<10dSingAlong>FP12dStateBase_c
                0x000af1e1                .dwarf.0006.getPreviousState__15dStateMgrBase_cFv
                0x000af26d                .dwarf.0006.getNextState__15dStateMgrBase_cFv
                0x000af2f1                .dwarf.0006.getCurrentStateMethodExecutor__15dStateMgrBase_cFv
                0x000af397                .dwarf.0006.returnsOne__17dStatePointless_cFv
                0x000af45f                .dwarf.0006.returnUnknown__Q23m3d6proc_cFv
                0x000af523                .dwarf.0006.beforeExecute__16dMsgBoxManager_cFv
                0x000af57b                .dwarf.0006.afterExecute__16dMsgBoxManager_cFi
                0x000af5d1                .dwarf.0006.beforeDraw__16dMsgBoxManager_cFv
                0x000af623                .dwarf.0006.afterDraw__16dMsgBoxManager_cFi
